This is pdfTeX, Version 3.141592653-2.6-1.40.25 (TeX Live 2023/Homebrew) (preloaded format=pdflatex 2023.6.22)  11 MAR 2024 19:15
entering extended mode
 restricted \write18 enabled.
 file:line:error style messages enabled.
 %&-line parsing enabled.
**/Users/pataei/Desktop/Projects/Terramycelium/test.tex
(/Users/pataei/Desktop/Projects/Terramycelium/test.tex
LaTeX2e <2022-11-01> patch level 1
L3 programming layer <2023-02-22> (./IEEEtran.cls
Document Class: IEEEtran 2015/08/26 V1.8b by Michael Shell
-- See the "IEEEtran_HOWTO" manual for usage information.
-- http://www.michaelshell.org/tex/ieeetran/
\@IEEEtrantmpdimenA=\dimen140
\@IEEEtrantmpdimenB=\dimen141
\@IEEEtrantmpdimenC=\dimen142
\@IEEEtrantmpcountA=\count185
\@IEEEtrantmpcountB=\count186
\@IEEEtrantmpcountC=\count187
\@IEEEtrantmptoksA=\toks16
LaTeX Font Info:    Trying to load font information for OT1+ptm on input line 503.
(/opt/homebrew/Cellar/texlive/20230313_2/share/texmf-dist/tex/latex/psnfss/ot1ptm.fd
File: ot1ptm.fd 2001/06/04 font definitions for OT1/ptm.
)
-- Using 8.5in x 11in (letter) paper.
-- Using PDF output.
\@IEEEnormalsizeunitybaselineskip=\dimen143
-- This is a 10 point document.
\CLASSINFOnormalsizebaselineskip=\dimen144
\CLASSINFOnormalsizeunitybaselineskip=\dimen145
\IEEEnormaljot=\dimen146
LaTeX Font Info:    Font shape `OT1/ptm/bx/n' in size <5> not available
(Font)              Font shape `OT1/ptm/b/n' tried instead on input line 1090.
LaTeX Font Info:    Font shape `OT1/ptm/bx/it' in size <5> not available
(Font)              Font shape `OT1/ptm/b/it' tried instead on input line 1090.
LaTeX Font Info:    Font shape `OT1/ptm/bx/n' in size <7> not available
(Font)              Font shape `OT1/ptm/b/n' tried instead on input line 1090.
LaTeX Font Info:    Font shape `OT1/ptm/bx/it' in size <7> not available
(Font)              Font shape `OT1/ptm/b/it' tried instead on input line 1090.
LaTeX Font Info:    Font shape `OT1/ptm/bx/n' in size <8> not available
(Font)              Font shape `OT1/ptm/b/n' tried instead on input line 1090.
LaTeX Font Info:    Font shape `OT1/ptm/bx/it' in size <8> not available
(Font)              Font shape `OT1/ptm/b/it' tried instead on input line 1090.
LaTeX Font Info:    Font shape `OT1/ptm/bx/n' in size <9> not available
(Font)              Font shape `OT1/ptm/b/n' tried instead on input line 1090.
LaTeX Font Info:    Font shape `OT1/ptm/bx/it' in size <9> not available
(Font)              Font shape `OT1/ptm/b/it' tried instead on input line 1090.
LaTeX Font Info:    Font shape `OT1/ptm/bx/n' in size <10> not available
(Font)              Font shape `OT1/ptm/b/n' tried instead on input line 1090.
LaTeX Font Info:    Font shape `OT1/ptm/bx/it' in size <10> not available
(Font)              Font shape `OT1/ptm/b/it' tried instead on input line 1090.
LaTeX Font Info:    Font shape `OT1/ptm/bx/n' in size <11> not available
(Font)              Font shape `OT1/ptm/b/n' tried instead on input line 1090.
LaTeX Font Info:    Font shape `OT1/ptm/bx/it' in size <11> not available
(Font)              Font shape `OT1/ptm/b/it' tried instead on input line 1090.
LaTeX Font Info:    Font shape `OT1/ptm/bx/n' in size <12> not available
(Font)              Font shape `OT1/ptm/b/n' tried instead on input line 1090.
LaTeX Font Info:    Font shape `OT1/ptm/bx/it' in size <12> not available
(Font)              Font shape `OT1/ptm/b/it' tried instead on input line 1090.
LaTeX Font Info:    Font shape `OT1/ptm/bx/n' in size <17> not available
(Font)              Font shape `OT1/ptm/b/n' tried instead on input line 1090.
LaTeX Font Info:    Font shape `OT1/ptm/bx/it' in size <17> not available
(Font)              Font shape `OT1/ptm/b/it' tried instead on input line 1090.
LaTeX Font Info:    Font shape `OT1/ptm/bx/n' in size <20> not available
(Font)              Font shape `OT1/ptm/b/n' tried instead on input line 1090.
LaTeX Font Info:    Font shape `OT1/ptm/bx/it' in size <20> not available
(Font)              Font shape `OT1/ptm/b/it' tried instead on input line 1090.
LaTeX Font Info:    Font shape `OT1/ptm/bx/n' in size <24> not available
(Font)              Font shape `OT1/ptm/b/n' tried instead on input line 1090.
LaTeX Font Info:    Font shape `OT1/ptm/bx/it' in size <24> not available
(Font)              Font shape `OT1/ptm/b/it' tried instead on input line 1090.
\IEEEquantizedlength=\dimen147
\IEEEquantizedlengthdiff=\dimen148
\IEEEquantizedtextheightdiff=\dimen149
\IEEEilabelindentA=\dimen150
\IEEEilabelindentB=\dimen151
\IEEEilabelindent=\dimen152
\IEEEelabelindent=\dimen153
\IEEEdlabelindent=\dimen154
\IEEElabelindent=\dimen155
\IEEEiednormlabelsep=\dimen156
\IEEEiedmathlabelsep=\dimen157
\IEEEiedtopsep=\skip48
\c@section=\count188
\c@subsection=\count189
\c@subsubsection=\count190
\c@paragraph=\count191
\c@IEEEsubequation=\count192
\abovecaptionskip=\skip49
\belowcaptionskip=\skip50
\c@figure=\count193
\c@table=\count194
\@IEEEeqnnumcols=\count195
\@IEEEeqncolcnt=\count196
\@IEEEsubeqnnumrollback=\count197
\@IEEEquantizeheightA=\dimen158
\@IEEEquantizeheightB=\dimen159
\@IEEEquantizeheightC=\dimen160
\@IEEEquantizeprevdepth=\dimen161
\@IEEEquantizemultiple=\count198
\@IEEEquantizeboxA=\box51
\@IEEEtmpitemindent=\dimen162
\IEEEPARstartletwidth=\dimen163
\c@IEEEbiography=\count199
\@IEEEtranrubishbin=\box52
) (/opt/homebrew/Cellar/texlive/20230313_2/share/texmf-dist/tex/latex/cite/cite.sty
LaTeX Info: Redefining \cite on input line 302.
LaTeX Info: Redefining \nocite on input line 332.
Package: cite 2015/02/27  v 5.5
) (/opt/homebrew/Cellar/texlive/20230313_2/share/texmf-dist/tex/latex/amsmath/amsmath.sty
Package: amsmath 2022/04/08 v2.17n AMS math features
\@mathmargin=\skip51

For additional information on amsmath, use the `?' option.
(/opt/homebrew/Cellar/texlive/20230313_2/share/texmf-dist/tex/latex/amsmath/amstext.sty
Package: amstext 2021/08/26 v2.01 AMS text
 (/opt/homebrew/Cellar/texlive/20230313_2/share/texmf-dist/tex/latex/amsmath/amsgen.sty
File: amsgen.sty 1999/11/30 v2.0 generic functions
\@emptytoks=\toks17
\ex@=\dimen164
)) (/opt/homebrew/Cellar/texlive/20230313_2/share/texmf-dist/tex/latex/amsmath/amsbsy.sty
Package: amsbsy 1999/11/29 v1.2d Bold Symbols
\pmbraise@=\dimen165
) (/opt/homebrew/Cellar/texlive/20230313_2/share/texmf-dist/tex/latex/amsmath/amsopn.sty
Package: amsopn 2022/04/08 v2.04 operator names
)
\inf@bad=\count266
LaTeX Info: Redefining \frac on input line 234.
\uproot@=\count267
\leftroot@=\count268
LaTeX Info: Redefining \overline on input line 399.
LaTeX Info: Redefining \colon on input line 410.
\classnum@=\count269
\DOTSCASE@=\count270
LaTeX Info: Redefining \ldots on input line 496.
LaTeX Info: Redefining \dots on input line 499.
LaTeX Info: Redefining \cdots on input line 620.
\Mathstrutbox@=\box53
\strutbox@=\box54
LaTeX Info: Redefining \big on input line 722.
LaTeX Info: Redefining \Big on input line 723.
LaTeX Info: Redefining \bigg on input line 724.
LaTeX Info: Redefining \Bigg on input line 725.
\big@size=\dimen166
LaTeX Font Info:    Redeclaring font encoding OML on input line 743.
LaTeX Font Info:    Redeclaring font encoding OMS on input line 744.
\macc@depth=\count271
LaTeX Info: Redefining \bmod on input line 905.
LaTeX Info: Redefining \pmod on input line 910.
LaTeX Info: Redefining \smash on input line 940.
LaTeX Info: Redefining \relbar on input line 970.
LaTeX Info: Redefining \Relbar on input line 971.
\c@MaxMatrixCols=\count272
\dotsspace@=\muskip16
\c@parentequation=\count273
\dspbrk@lvl=\count274
\tag@help=\toks18
\row@=\count275
\column@=\count276
\maxfields@=\count277
\andhelp@=\toks19
\eqnshift@=\dimen167
\alignsep@=\dimen168
\tagshift@=\dimen169
\tagwidth@=\dimen170
\totwidth@=\dimen171
\lineht@=\dimen172
\@envbody=\toks20
\multlinegap=\skip52
\multlinetaggap=\skip53
\mathdisplay@stack=\toks21
LaTeX Info: Redefining \[ on input line 2953.
LaTeX Info: Redefining \] on input line 2954.
) (/opt/homebrew/Cellar/texlive/20230313_2/share/texmf-dist/tex/latex/amsfonts/amssymb.sty
Package: amssymb 2013/01/14 v3.01 AMS font symbols
 (/opt/homebrew/Cellar/texlive/20230313_2/share/texmf-dist/tex/latex/amsfonts/amsfonts.sty
Package: amsfonts 2013/01/14 v3.01 Basic AMSFonts support
\symAMSa=\mathgroup4
\symAMSb=\mathgroup5
LaTeX Font Info:    Redeclaring math symbol \hbar on input line 98.
LaTeX Font Info:    Overwriting math alphabet `\mathfrak' in version `bold'
(Font)                  U/euf/m/n --> U/euf/b/n on input line 106.
)) (/opt/homebrew/Cellar/texlive/20230313_2/share/texmf-dist/tex/latex/algorithms/algorithmic.sty
Package: algorithmic 2009/08/24 v0.1 Document Style `algorithmic'
 (/opt/homebrew/Cellar/texlive/20230313_2/share/texmf-dist/tex/latex/base/ifthen.sty
Package: ifthen 2022/04/13 v1.1d Standard LaTeX ifthen package (DPC)
) (/opt/homebrew/Cellar/texlive/20230313_2/share/texmf-dist/tex/latex/graphics/keyval.sty
Package: keyval 2022/05/29 v1.15 key=value parser (DPC)
\KV@toks@=\toks22
)
\c@ALC@unique=\count278
\c@ALC@line=\count279
\c@ALC@rem=\count280
\c@ALC@depth=\count281
\ALC@tlm=\skip54
\algorithmicindent=\skip55
) (/opt/homebrew/Cellar/texlive/20230313_2/share/texmf-dist/tex/latex/graphics/graphicx.sty
Package: graphicx 2021/09/16 v1.2d Enhanced LaTeX Graphics (DPC,SPQR)
 (/opt/homebrew/Cellar/texlive/20230313_2/share/texmf-dist/tex/latex/graphics/graphics.sty
Package: graphics 2022/03/10 v1.4e Standard LaTeX Graphics (DPC,SPQR)
 (/opt/homebrew/Cellar/texlive/20230313_2/share/texmf-dist/tex/latex/graphics/trig.sty
Package: trig 2021/08/11 v1.11 sin cos tan (DPC)
) (/opt/homebrew/Cellar/texlive/20230313_2/share/texmf-dist/tex/latex/graphics-cfg/graphics.cfg
File: graphics.cfg 2016/06/04 v1.11 sample graphics configuration
)
Package graphics Info: Driver file: pdftex.def on input line 107.
 (/opt/homebrew/Cellar/texlive/20230313_2/share/texmf-dist/tex/latex/graphics-def/pdftex.def
File: pdftex.def 2022/09/22 v1.2b Graphics/color driver for pdftex
))
\Gin@req@height=\dimen173
\Gin@req@width=\dimen174
) (/opt/homebrew/Cellar/texlive/20230313_2/share/texmf-dist/tex/latex/base/textcomp.sty
Package: textcomp 2020/02/02 v2.0n Standard LaTeX package
) (/opt/homebrew/Cellar/texlive/20230313_2/share/texmf-dist/tex/latex/graphics/lscape.sty
Package: lscape 2020/05/28 v3.02 Landscape Pages (DPC)
) (/opt/homebrew/Cellar/texlive/20230313_2/share/texmf-dist/tex/latex/lineno/lineno.sty
Package: lineno 2023/01/19 line numbers on paragraphs v5.1
\linenopenalty=\count282
\output=\toks23
\linenoprevgraf=\count283
\linenumbersep=\dimen175
\linenumberwidth=\dimen176
\c@linenumber=\count284
\c@pagewiselinenumber=\count285
\c@LN@truepage=\count286
\c@internallinenumber=\count287
\c@internallinenumbers=\count288
\quotelinenumbersep=\dimen177
\bframerule=\dimen178
\bframesep=\dimen179
\bframebox=\box55
 (/opt/homebrew/Cellar/texlive/20230313_2/share/texmf-dist/tex/latex/etoolbox/etoolbox.sty
Package: etoolbox 2020/10/05 v2.5k e-TeX tools for LaTeX (JAW)
\etb@tempcnta=\count289
)
\linenoamsmath@ams@eqpen=\count290
LaTeX Info: Redefining \\ on input line 3131.
) (/opt/homebrew/Cellar/texlive/20230313_2/share/texmf-dist/tex/latex/hyperref/hyperref.sty
Package: hyperref 2023-02-07 v7.00v Hypertext links for LaTeX
 (/opt/homebrew/Cellar/texlive/20230313_2/share/texmf-dist/tex/generic/ltxcmds/ltxcmds.sty
Package: ltxcmds 2020-05-10 v1.25 LaTeX kernel commands for general use (HO)
) (/opt/homebrew/Cellar/texlive/20230313_2/share/texmf-dist/tex/generic/iftex/iftex.sty
Package: iftex 2022/02/03 v1.0f TeX engine tests
) (/opt/homebrew/Cellar/texlive/20230313_2/share/texmf-dist/tex/generic/pdftexcmds/pdftexcmds.sty
Package: pdftexcmds 2020-06-27 v0.33 Utility functions of pdfTeX for LuaTeX (HO)
 (/opt/homebrew/Cellar/texlive/20230313_2/share/texmf-dist/tex/generic/infwarerr/infwarerr.sty
Package: infwarerr 2019/12/03 v1.5 Providing info/warning/error messages (HO)
)
Package pdftexcmds Info: \pdf@primitive is available.
Package pdftexcmds Info: \pdf@ifprimitive is available.
Package pdftexcmds Info: \pdfdraftmode found.
) (/opt/homebrew/Cellar/texlive/20230313_2/share/texmf-dist/tex/latex/kvsetkeys/kvsetkeys.sty
Package: kvsetkeys 2022-10-05 v1.19 Key value parser (HO)
) (/opt/homebrew/Cellar/texlive/20230313_2/share/texmf-dist/tex/generic/kvdefinekeys/kvdefinekeys.sty
Package: kvdefinekeys 2019-12-19 v1.6 Define keys (HO)
) (/opt/homebrew/Cellar/texlive/20230313_2/share/texmf-dist/tex/generic/pdfescape/pdfescape.sty
Package: pdfescape 2019/12/09 v1.15 Implements pdfTeX's escape features (HO)
) (/opt/homebrew/Cellar/texlive/20230313_2/share/texmf-dist/tex/latex/hycolor/hycolor.sty
Package: hycolor 2020-01-27 v1.10 Color options for hyperref/bookmark (HO)
) (/opt/homebrew/Cellar/texlive/20230313_2/share/texmf-dist/tex/latex/letltxmacro/letltxmacro.sty
Package: letltxmacro 2019/12/03 v1.6 Let assignment for LaTeX macros (HO)
) (/opt/homebrew/Cellar/texlive/20230313_2/share/texmf-dist/tex/latex/auxhook/auxhook.sty
Package: auxhook 2019-12-17 v1.6 Hooks for auxiliary files (HO)
) (/opt/homebrew/Cellar/texlive/20230313_2/share/texmf-dist/tex/latex/hyperref/nameref.sty
Package: nameref 2022-05-17 v2.50 Cross-referencing by name of section
 (/opt/homebrew/Cellar/texlive/20230313_2/share/texmf-dist/tex/latex/refcount/refcount.sty
Package: refcount 2019/12/15 v3.6 Data extraction from label references (HO)
) (/opt/homebrew/Cellar/texlive/20230313_2/share/texmf-dist/tex/generic/gettitlestring/gettitlestring.sty
Package: gettitlestring 2019/12/15 v1.6 Cleanup title references (HO)
 (/opt/homebrew/Cellar/texlive/20230313_2/share/texmf-dist/tex/latex/kvoptions/kvoptions.sty
Package: kvoptions 2022-06-15 v3.15 Key value format for package options (HO)
))
\c@section@level=\count291
)
\@linkdim=\dimen180
\Hy@linkcounter=\count292
\Hy@pagecounter=\count293
 (/opt/homebrew/Cellar/texlive/20230313_2/share/texmf-dist/tex/latex/hyperref/pd1enc.def
File: pd1enc.def 2023-02-07 v7.00v Hyperref: PDFDocEncoding definition (HO)
Now handling font encoding PD1 ...
... no UTF-8 mapping file for font encoding PD1
) (/opt/homebrew/Cellar/texlive/20230313_2/share/texmf-dist/tex/generic/intcalc/intcalc.sty
Package: intcalc 2019/12/15 v1.3 Expandable calculations with integers (HO)
) (/opt/homebrew/Cellar/texlive/20230313_2/share/texmf-dist/tex/generic/etexcmds/etexcmds.sty
Package: etexcmds 2019/12/15 v1.7 Avoid name clashes with e-TeX commands (HO)
)
\Hy@SavedSpaceFactor=\count294
 (/opt/homebrew/Cellar/texlive/20230313_2/share/texmf-dist/tex/latex/hyperref/puenc.def
File: puenc.def 2023-02-07 v7.00v Hyperref: PDF Unicode definition (HO)
Now handling font encoding PU ...
... no UTF-8 mapping file for font encoding PU
)
Package hyperref Info: Hyper figures OFF on input line 4177.
Package hyperref Info: Link nesting OFF on input line 4182.
Package hyperref Info: Hyper index ON on input line 4185.
Package hyperref Info: Plain pages OFF on input line 4192.
Package hyperref Info: Backreferencing OFF on input line 4197.
Package hyperref Info: Implicit mode ON; LaTeX internals redefined.
Package hyperref Info: Bookmarks ON on input line 4425.
\c@Hy@tempcnt=\count295
 (/opt/homebrew/Cellar/texlive/20230313_2/share/texmf-dist/tex/latex/url/url.sty
\Urlmuskip=\muskip17
Package: url 2013/09/16  ver 3.4  Verb mode for urls, etc.
)
LaTeX Info: Redefining \url on input line 4763.
\XeTeXLinkMargin=\dimen181
 (/opt/homebrew/Cellar/texlive/20230313_2/share/texmf-dist/tex/generic/bitset/bitset.sty
Package: bitset 2019/12/09 v1.3 Handle bit-vector datatype (HO)
 (/opt/homebrew/Cellar/texlive/20230313_2/share/texmf-dist/tex/generic/bigintcalc/bigintcalc.sty
Package: bigintcalc 2019/12/15 v1.5 Expandable calculations on big integers (HO)
))
\Fld@menulength=\count296
\Field@Width=\dimen182
\Fld@charsize=\dimen183
Package hyperref Info: Hyper figures OFF on input line 6042.
Package hyperref Info: Link nesting OFF on input line 6047.
Package hyperref Info: Hyper index ON on input line 6050.
Package hyperref Info: backreferencing OFF on input line 6057.
Package hyperref Info: Link coloring OFF on input line 6062.
Package hyperref Info: Link coloring with OCG OFF on input line 6067.
Package hyperref Info: PDF/A mode OFF on input line 6072.
 (/opt/homebrew/Cellar/texlive/20230313_2/share/texmf-dist/tex/latex/base/atbegshi-ltx.sty
Package: atbegshi-ltx 2021/01/10 v1.0c Emulation of the original atbegshi
package with kernel methods
)
\Hy@abspage=\count297
\c@Item=\count298
\c@Hfootnote=\count299
)
Package hyperref Info: Driver (autodetected): hpdftex.
 (/opt/homebrew/Cellar/texlive/20230313_2/share/texmf-dist/tex/latex/hyperref/hpdftex.def
File: hpdftex.def 2023-02-07 v7.00v Hyperref driver for pdfTeX
 (/opt/homebrew/Cellar/texlive/20230313_2/share/texmf-dist/tex/latex/base/atveryend-ltx.sty
Package: atveryend-ltx 2020/08/19 v1.0a Emulation of the original atveryend package
with kernel methods
)
\Fld@listcount=\count300
\c@bookmark@seq@number=\count301
 (/opt/homebrew/Cellar/texlive/20230313_2/share/texmf-dist/tex/latex/rerunfilecheck/rerunfilecheck.sty
Package: rerunfilecheck 2022-07-10 v1.10 Rerun checks for auxiliary files (HO)
 (/opt/homebrew/Cellar/texlive/20230313_2/share/texmf-dist/tex/generic/uniquecounter/uniquecounter.sty
Package: uniquecounter 2019/12/15 v1.4 Provide unlimited unique counter (HO)
)
Package uniquecounter Info: New unique counter `rerunfilecheck' on input line 285.
)
\Hy@SectionHShift=\skip56
) (/opt/homebrew/Cellar/texlive/20230313_2/share/texmf-dist/tex/latex/tools/longtable.sty
Package: longtable 2021-09-01 v4.17 Multi-page Table package (DPC)
\LTleft=\skip57
\LTright=\skip58
\LTpre=\skip59
\LTpost=\skip60
\LTchunksize=\count302
\LTcapwidth=\dimen184
\LT@head=\box56
\LT@firsthead=\box57
\LT@foot=\box58
\LT@lastfoot=\box59
\LT@gbox=\box60
\LT@cols=\count303
\LT@rows=\count304
\c@LT@tables=\count305
\c@LT@chunks=\count306
\LT@p@ftn=\toks24
) (/opt/homebrew/Cellar/texlive/20230313_2/share/texmf-dist/tex/latex/multirow/multirow.sty
Package: multirow 2021/03/15 v2.8 Span multiple rows of a table
\multirow@colwidth=\skip61
\multirow@cntb=\count307
\multirow@dima=\skip62
\bigstrutjot=\dimen185
) (/opt/homebrew/Cellar/texlive/20230313_2/share/texmf-dist/tex/latex/l3backend/l3backend-pdftex.def
File: l3backend-pdftex.def 2023-01-16 L3 backend support: PDF output (pdfTeX)
\l__color_backend_stack_int=\count308
\l__pdf_internal_box=\box61
)
No file test.aux.
\openout1 = `test.aux'.

LaTeX Font Info:    Checking defaults for OML/cmm/m/it on input line 13.
LaTeX Font Info:    ... okay on input line 13.
LaTeX Font Info:    Checking defaults for OMS/cmsy/m/n on input line 13.
LaTeX Font Info:    ... okay on input line 13.
LaTeX Font Info:    Checking defaults for OT1/cmr/m/n on input line 13.
LaTeX Font Info:    ... okay on input line 13.
LaTeX Font Info:    Checking defaults for T1/cmr/m/n on input line 13.
LaTeX Font Info:    ... okay on input line 13.
LaTeX Font Info:    Checking defaults for TS1/cmr/m/n on input line 13.
LaTeX Font Info:    ... okay on input line 13.
LaTeX Font Info:    Checking defaults for OMX/cmex/m/n on input line 13.
LaTeX Font Info:    ... okay on input line 13.
LaTeX Font Info:    Checking defaults for U/cmr/m/n on input line 13.
LaTeX Font Info:    ... okay on input line 13.
LaTeX Font Info:    Checking defaults for PD1/pdf/m/n on input line 13.
LaTeX Font Info:    ... okay on input line 13.
LaTeX Font Info:    Checking defaults for PU/pdf/m/n on input line 13.
LaTeX Font Info:    ... okay on input line 13.
-- Lines per column: 58 (exact).
(/opt/homebrew/Cellar/texlive/20230313_2/share/texmf-dist/tex/context/base/mkii/supp-pdf.mkii
[Loading MPS to PDF converter (version 2006.09.02).]
\scratchcounter=\count309
\scratchdimen=\dimen186
\scratchbox=\box62
\nofMPsegments=\count310
\nofMParguments=\count311
\everyMPshowfont=\toks25
\MPscratchCnt=\count312
\MPscratchDim=\dimen187
\MPnumerator=\count313
\makeMPintoPDFobject=\count314
\everyMPtoPDFconversion=\toks26
) (/opt/homebrew/Cellar/texlive/20230313_2/share/texmf-dist/tex/latex/epstopdf-pkg/epstopdf-base.sty
Package: epstopdf-base 2020-01-24 v2.11 Base part for package epstopdf
Package epstopdf-base Info: Redefining graphics rule for `.eps' on input line 485.
 (/opt/homebrew/Cellar/texlive/20230313_2/share/texmf-dist/tex/latex/latexconfig/epstopdf-sys.cfg
File: epstopdf-sys.cfg 2010/07/13 v1.3 Configuration of (r)epstopdf for TeX Live
))
Package hyperref Info: Link coloring OFF on input line 13.
\@outlinefile=\write3
\openout3 = `test.out'.


/Users/pataei/Desktop/Projects/Terramycelium/test.tex:14: Undefined control sequence.
l.14 \history
             {Date of publication xxxx 00, 0000, date of current version xxx...
The control sequence at the end of the top line
of your error message was never \def'ed. If you have
misspelled it (e.g., `\hobx'), type `I' and the correct
spelling (e.g., `I\hbox'). Otherwise just continue,
and I'll forget about whatever was undefined.

/Users/pataei/Desktop/Projects/Terramycelium/test.tex:15: Undefined control sequence.
l.15 \doi
         {10.1109/ACCESS.2017.DOI}
The control sequence at the end of the top line
of your error message was never \def'ed. If you have
misspelled it (e.g., `\hobx'), type `I' and the correct
spelling (e.g., `I\hbox'). Otherwise just continue,
and I'll forget about whatever was undefined.

/Users/pataei/Desktop/Projects/Terramycelium/test.tex:23: Undefined control sequence.
l.23 \address
             [1]{School of Engineering, Computer and Mathematical Sciences, ...
The control sequence at the end of the top line
of your error message was never \def'ed. If you have
misspelled it (e.g., `\hobx'), type `I' and the correct
spelling (e.g., `I\hbox'). Otherwise just continue,
and I'll forget about whatever was undefined.

/Users/pataei/Desktop/Projects/Terramycelium/test.tex:25: Undefined control sequence.
l.25 \address
             [2]{Service and Cloud Computing Research Lab, Auckland Universi...
The control sequence at the end of the top line
of your error message was never \def'ed. If you have
misspelled it (e.g., `\hobx'), type `I' and the correct
spelling (e.g., `I\hbox'). Otherwise just continue,
and I'll forget about whatever was undefined.


/Users/pataei/Desktop/Projects/Terramycelium/test.tex:31: LaTeX Error: Environment keywords undefined.

See the LaTeX manual or LaTeX Companion for explanation.
Type  H <return>  for immediate help.
 ...                                              
                                                  
l.31 \begin{keywords}
                     
Your command was ignored.
Type  I <command> <return>  to replace it with another command,
or  <return>  to continue without it.


/Users/pataei/Desktop/Projects/Terramycelium/test.tex:33: LaTeX Error: \begin{document} ended by \end{keywords}.

See the LaTeX manual or LaTeX Companion for explanation.
Type  H <return>  for immediate help.
 ...                                              
                                                  
l.33 \end{keywords}
                   
Your command was ignored.
Type  I <command> <return>  to replace it with another command,
or  <return>  to continue without it.

/Users/pataei/Desktop/Projects/Terramycelium/test.tex:35: Undefined control sequence.
l.35 \titlepgskip
                 =-15pt
The control sequence at the end of the top line
of your error message was never \def'ed. If you have
misspelled it (e.g., `\hobx'), type `I' and the correct
spelling (e.g., `I\hbox'). Otherwise just continue,
and I'll forget about whatever was undefined.

[1{/opt/homebrew/Cellar/texlive/20230313_2/share/texmf-dist/fonts/map/pdftex/updmap/pdftex.map}{/opt/homebrew/Cellar/texlive/20230313_2/share/texmf-dist/fonts/enc/dvips/base/8r.enc}


]
/Users/pataei/Desktop/Projects/Terramycelium/test.tex:38: Undefined control sequence.
\@author ->\uppercase {Pouya Ataei}\authorrefmark 
                                                  {1}, \uppercase {Alan Litc...
l.38 
     
The control sequence at the end of the top line
of your error message was never \def'ed. If you have
misspelled it (e.g., `\hobx'), type `I' and the correct
spelling (e.g., `I\hbox'). Otherwise just continue,
and I'll forget about whatever was undefined.

/Users/pataei/Desktop/Projects/Terramycelium/test.tex:38: Undefined control sequence.
\@author ...case {Alan Litchfield} \authorrefmark 
                                                  {2}.
l.38 
     
The control sequence at the end of the top line
of your error message was never \def'ed. If you have
misspelled it (e.g., `\hobx'), type `I' and the correct
spelling (e.g., `I\hbox'). Otherwise just continue,
and I'll forget about whatever was undefined.

/Users/pataei/Desktop/Projects/Terramycelium/test.tex:38: Undefined control sequence.
\@author ->\uppercase {Pouya Ataei}\authorrefmark 
                                                  {1}, \uppercase {Alan Litc...
l.38 
     
The control sequence at the end of the top line
of your error message was never \def'ed. If you have
misspelled it (e.g., `\hobx'), type `I' and the correct
spelling (e.g., `I\hbox'). Otherwise just continue,
and I'll forget about whatever was undefined.

/Users/pataei/Desktop/Projects/Terramycelium/test.tex:38: Undefined control sequence.
\@author ...case {Alan Litchfield} \authorrefmark 
                                                  {2}.
l.38 
     
The control sequence at the end of the top line
of your error message was never \def'ed. If you have
misspelled it (e.g., `\hobx'), type `I' and the correct
spelling (e.g., `I\hbox'). Otherwise just continue,
and I'll forget about whatever was undefined.

/Users/pataei/Desktop/Projects/Terramycelium/test.tex:38: Undefined control sequence.
\@author ->\uppercase {Pouya Ataei}\authorrefmark 
                                                  {1}, \uppercase {Alan Litc...
l.38 
     
The control sequence at the end of the top line
of your error message was never \def'ed. If you have
misspelled it (e.g., `\hobx'), type `I' and the correct
spelling (e.g., `I\hbox'). Otherwise just continue,
and I'll forget about whatever was undefined.

/Users/pataei/Desktop/Projects/Terramycelium/test.tex:38: Undefined control sequence.
\@author ...case {Alan Litchfield} \authorrefmark 
                                                  {2}.
l.38 
     
The control sequence at the end of the top line
of your error message was never \def'ed. If you have
misspelled it (e.g., `\hobx'), type `I' and the correct
spelling (e.g., `I\hbox'). Otherwise just continue,
and I'll forget about whatever was undefined.


LaTeX Warning: Citation `AtaeiACIS' on page 2 undefined on input line 43.


LaTeX Warning: Citation `ataei2022state' on page 2 undefined on input line 43.


LaTeX Warning: Citation `ataei2023towards' on page 2 undefined on input line 45.


LaTeX Warning: Citation `DataMesh' on page 2 undefined on input line 45.


LaTeX Warning: Citation `DataBricksSurvey' on page 2 undefined on input line 47.


LaTeX Warning: Citation `Cloutier2010' on page 2 undefined on input line 49.


LaTeX Warning: Reference `sec:background' on page 2 undefined on input line 53.


LaTeX Warning: Reference `sec:related_work' on page 2 undefined on input line 53.


LaTeX Warning: Reference `sec:why_reference_architectures' on page 2 undefined on input line 53.


LaTeX Warning: Reference `sec:software_and_system_requirements' on page 2 undefined on input line 53.


LaTeX Warning: Reference `sec:theory' on page 2 undefined on input line 53.


LaTeX Warning: Reference `sec:artefact' on page 2 undefined on input line 53.


LaTeX Warning: Reference `sec:discussion' on page 2 undefined on input line 53.


LaTeX Warning: Reference `sec:conclusion' on page 2 undefined on input line 53.

/Users/pataei/Desktop/Projects/Terramycelium/test.tex:59: Undefined control sequence.
l.59 ...hrase "Big Data" (BD) is defined by \citet
                                                  {Sagiroglu2013} as referri...
The control sequence at the end of the top line
of your error message was never \def'ed. If you have
misspelled it (e.g., `\hobx'), type `I' and the correct
spelling (e.g., `I\hbox'). Otherwise just continue,
and I'll forget about whatever was undefined.

[2

]

LaTeX Warning: Citation `Chen2012' on page 3 undefined on input line 63.


LaTeX Warning: Citation `bucchiarone2020microservices' on page 3 undefined on input line 79.

/Users/pataei/Desktop/Projects/Terramycelium/test.tex:81: Undefined control sequence.
l.81 According to \citeauthor
                             {newman2021building}, microservices improve sca...
The control sequence at the end of the top line
of your error message was never \def'ed. If you have
misspelled it (e.g., `\hobx'), type `I' and the correct
spelling (e.g., `I\hbox'). Otherwise just continue,
and I'll forget about whatever was undefined.

[3]
/Users/pataei/Desktop/Projects/Terramycelium/test.tex:102: Undefined control sequence.
l.102 ...e structured creation of RAs. \citeauthor
                                                  {Cloutier2010} present a s...
The control sequence at the end of the top line
of your error message was never \def'ed. If you have
misspelled it (e.g., `\hobx'), type `I' and the correct
spelling (e.g., `I\hbox'). Otherwise just continue,
and I'll forget about whatever was undefined.

/Users/pataei/Desktop/Projects/Terramycelium/test.tex:104: Undefined control sequence.
l.104 Guided by ISO/IEC 26550 \citeauthor
                                         {wg2015iso} and \citeauthor{Derras}...
The control sequence at the end of the top line
of your error message was never \def'ed. If you have
misspelled it (e.g., `\hobx'), type `I' and the correct
spelling (e.g., `I\hbox'). Otherwise just continue,
and I'll forget about whatever was undefined.

/Users/pataei/Desktop/Projects/Terramycelium/test.tex:104: Undefined control sequence.
l.104 ...50 \citeauthor{wg2015iso} and \citeauthor
                                                  {Derras} provide a four-ph...
The control sequence at the end of the top line
of your error message was never \def'ed. If you have
misspelled it (e.g., `\hobx'), type `I' and the correct
spelling (e.g., `I\hbox'). Otherwise just continue,
and I'll forget about whatever was undefined.

/Users/pataei/Desktop/Projects/Terramycelium/test.tex:106: Undefined control sequence.
l.106 ...on, synthesis, and modelling. \citeauthor
                                                  {Nakagawa} presented resea...
The control sequence at the end of the top line
of your error message was never \def'ed. If you have
misspelled it (e.g., `\hobx'), type `I' and the correct
spelling (e.g., `I\hbox'). Otherwise just continue,
and I'll forget about whatever was undefined.

/Users/pataei/Desktop/Projects/Terramycelium/test.tex:126: Undefined control sequence.
l.126 ... state of BD RAs presented by \citeauthor
                                                  {ataei2022state}.
The control sequence at the end of the top line
of your error message was never \def'ed. If you have
misspelled it (e.g., `\hobx'), type `I' and the correct
spelling (e.g., `I\hbox'). Otherwise just continue,
and I'll forget about whatever was undefined.

[4]

LaTeX Warning: Reference `identification-data-sources' on page 5 undefined on input line 131.


LaTeX Warning: Reference `data-synthesis' on page 5 undefined on input line 131.


LaTeX Warning: Citation `czarnecki2012cool' on page 5 undefined on input line 140.

/Users/pataei/Desktop/Projects/Terramycelium/test.tex:140: Undefined control sequence.
l.140 ... variability decision points. \citeauthor
                                                  {galster2011empirically} o...
The control sequence at the end of the top line
of your error message was never \def'ed. If you have
misspelled it (e.g., `\hobx'), type `I' and the correct
spelling (e.g., `I\hbox'). Otherwise just continue,
and I'll forget about whatever was undefined.

/Users/pataei/Desktop/Projects/Terramycelium/test.tex:150: Undefined control sequence.
l.150 ...xpert opinion as presented by \citeauthor
                                                  {wieringa2014design}.
The control sequence at the end of the top line
of your error message was never \def'ed. If you have
misspelled it (e.g., `\hobx'), type `I' and the correct
spelling (e.g., `I\hbox'). Otherwise just continue,
and I'll forget about whatever was undefined.

/Users/pataei/Desktop/Projects/Terramycelium/test.tex:167: Undefined control sequence.
l.167 According to \citeauthor
                              {wieringa2014design}\cite{wieringa2014design},...
The control sequence at the end of the top line
of your error message was never \def'ed. If you have
misspelled it (e.g., `\hobx'), type `I' and the correct
spelling (e.g., `I\hbox'). Otherwise just continue,
and I'll forget about whatever was undefined.


LaTeX Warning: Citation `wieringa2014design' on page 5 undefined on input line 167.

/Users/pataei/Desktop/Projects/Terramycelium/test.tex:169: Undefined control sequence.
l.169 \citeauthor
                 {wieringa2014design}'s methodology distinguishes between fu...
The control sequence at the end of the top line
of your error message was never \def'ed. If you have
misspelled it (e.g., `\hobx'), type `I' and the correct
spelling (e.g., `I\hbox'). Otherwise just continue,
and I'll forget about whatever was undefined.

[5]
/Users/pataei/Desktop/Projects/Terramycelium/test.tex:182: Undefined control sequence.
l.182 ...s a common subject of debate. \citeauthor
                                                  {sommerville2011software}\...
The control sequence at the end of the top line
of your error message was never \def'ed. If you have
misspelled it (e.g., `\hobx'), type `I' and the correct
spelling (e.g., `I\hbox'). Otherwise just continue,
and I'll forget about whatever was undefined.


LaTeX Warning: Citation `sommerville2011software' on page 6 undefined on input line 182.

/Users/pataei/Desktop/Projects/Terramycelium/test.tex:182: Undefined control sequence.
l.182 ...general framework provided by \citeauthor
                                                  {laplante2017requirements}...
The control sequence at the end of the top line
of your error message was never \def'ed. If you have
misspelled it (e.g., `\hobx'), type `I' and the correct
spelling (e.g., `I\hbox'). Otherwise just continue,
and I'll forget about whatever was undefined.


LaTeX Warning: Citation `Chang' on page 6 undefined on input line 186.

/Users/pataei/Desktop/Projects/Terramycelium/test.tex:186: Undefined control sequence.
l.186 ...even categories. In addition, \citeauthor
                                                  {volk2020identifying} cate...
The control sequence at the end of the top line
of your error message was never \def'ed. If you have
misspelled it (e.g., `\hobx'), type `I' and the correct
spelling (e.g., `I\hbox'). Otherwise just continue,
and I'll forget about whatever was undefined.

/Users/pataei/Desktop/Projects/Terramycelium/test.tex:188: Undefined control sequence.
l.188 \citeauthor
                 {AtaeiSecurity}\cite{AtaeiSecurity} focus on security and p...
The control sequence at the end of the top line
of your error message was never \def'ed. If you have
misspelled it (e.g., `\hobx'), type `I' and the correct
spelling (e.g., `I\hbox'). Otherwise just continue,
and I'll forget about whatever was undefined.


LaTeX Warning: Citation `AtaeiSecurity' on page 6 undefined on input line 188.

/Users/pataei/Desktop/Projects/Terramycelium/test.tex:188: Undefined control sequence.
l.188 ... requirements for BD systems, \citeauthor
                                                  {yu2019components} present...
The control sequence at the end of the top line
of your error message was never \def'ed. If you have
misspelled it (e.g., `\hobx'), type `I' and the correct
spelling (e.g., `I\hbox'). Otherwise just continue,
and I'll forget about whatever was undefined.

/Users/pataei/Desktop/Projects/Terramycelium/test.tex:188: Undefined control sequence.
l.188 ...ing goal-oriented approaches, \citeauthor
                                                  {eridaputra2014modeling} c...
The control sequence at the end of the top line
of your error message was never \def'ed. If you have
misspelled it (e.g., `\hobx'), type `I' and the correct
spelling (e.g., `I\hbox'). Otherwise just continue,
and I'll forget about whatever was undefined.

/Users/pataei/Desktop/Projects/Terramycelium/test.tex:188: Undefined control sequence.
l.188 ...del for BD requirements, and  \citeauthor
                                                  {al2016characteristics} in...
The control sequence at the end of the top line
of your error message was never \def'ed. If you have
misspelled it (e.g., `\hobx'), type `I' and the correct
spelling (e.g., `I\hbox'). Otherwise just continue,
and I'll forget about whatever was undefined.


LaTeX Warning: Citation `ataei2022state' on page 6 undefined on input line 194.


LaTeX Warning: Citation `Bahrami2015' on page 6 undefined on input line 194.


LaTeX Warning: Citation `rad2017big' on page 6 undefined on input line 194.


LaTeX Warning: Citation `Chen2016a' on page 6 undefined on input line 194.


LaTeX Warning: Reference `table:systemRequirements' on page 6 undefined on input line 196.


/Users/pataei/Desktop/Projects/Terramycelium/test.tex:199: Package longtable Error: longtable not in 1-column mode.

See the longtable package documentation for explanation.
Type  H <return>  for immediate help.
 ...                                              
                                                  
l.199 \begin{longtable}
                       {|m{1.4cm}|m{12cm}|}
Try typing  <return>  to proceed.
If that doesn't work, type  X <return>  to quit.


/Users/pataei/Desktop/Projects/Terramycelium/test.tex:199: LaTeX Error: Illegal character in array arg.

See the LaTeX manual or LaTeX Companion for explanation.
Type  H <return>  for immediate help.
 ...                                              
                                                  
l.199 \begin{longtable}{|m{1.4cm}|m{12cm}|}
                                           
You're in trouble here.  Try typing  <return>  to proceed.
If that doesn't work, type  X <return>  to quit.


/Users/pataei/Desktop/Projects/Terramycelium/test.tex:199: LaTeX Error: Illegal character in array arg.

See the LaTeX manual or LaTeX Companion for explanation.
Type  H <return>  for immediate help.
 ...                                              
                                                  
l.199 \begin{longtable}{|m{1.4cm}|m{12cm}|}
                                           
You're in trouble here.  Try typing  <return>  to proceed.
If that doesn't work, type  X <return>  to quit.


/Users/pataei/Desktop/Projects/Terramycelium/test.tex:199: LaTeX Error: Illegal character in array arg.

See the LaTeX manual or LaTeX Companion for explanation.
Type  H <return>  for immediate help.
 ...                                              
                                                  
l.199 \begin{longtable}{|m{1.4cm}|m{12cm}|}
                                           
You're in trouble here.  Try typing  <return>  to proceed.
If that doesn't work, type  X <return>  to quit.


/Users/pataei/Desktop/Projects/Terramycelium/test.tex:199: LaTeX Error: Illegal character in array arg.

See the LaTeX manual or LaTeX Companion for explanation.
Type  H <return>  for immediate help.
 ...                                              
                                                  
l.199 \begin{longtable}{|m{1.4cm}|m{12cm}|}
                                           
You're in trouble here.  Try typing  <return>  to proceed.
If that doesn't work, type  X <return>  to quit.


Overfull \hbox (1769.18341pt too wide) in alignment at lines 199--269
 [] [] [] [] 
 []

[6]

LaTeX Warning: Reference `fig:dataPlanes' on page 7 undefined on input line 293.

<images/data-planes.png, id=59, 907.13907pt x 383.18156pt>
File: images/data-planes.png Graphic file (type png)
<use images/data-planes.png>
Package pdftex.def Info: images/data-planes.png  used on input line 296.
(pdftex.def)             Requested size: 516.0pt x 217.9597pt.

Overfull \hbox (264.0pt too wide) in paragraph at lines 296--297
[][] 
 []


LaTeX Warning: `h' float specifier changed to `ht'.


LaTeX Warning: Reference `firstSLR:findings:limitationsOfCurrentRAs' on page 7 undefined on input line 307.


LaTeX Warning: Citation `laigner2021data' on page 7 undefined on input line 323.

[7 <./images/data-planes.png>]

LaTeX Warning: Citation `teamtopologiesSkelton' on page 8 undefined on input line 325.


LaTeX Warning: Citation `sudhakar2012model' on page 8 undefined on input line 331.

LaTeX Font Info:    Trying to load font information for U+msa on input line 343.
(/opt/homebrew/Cellar/texlive/20230313_2/share/texmf-dist/tex/latex/amsfonts/umsa.fd
File: umsa.fd 2013/01/14 v3.01 AMS symbols A
)
LaTeX Font Info:    Trying to load font information for U+msb on input line 343.
 (/opt/homebrew/Cellar/texlive/20230313_2/share/texmf-dist/tex/latex/amsfonts/umsb.fd
File: umsb.fd 2013/01/14 v3.01 AMS symbols B
)

LaTeX Warning: Citation `montesi2016circuit' on page 8 undefined on input line 371.

[8]

LaTeX Warning: Reference `fig:eventDrivenArchitecture' on page 9 undefined on input line 388.

<images/Event-architecture.png, id=83, 1664.46844pt x 882.29625pt>
File: images/Event-architecture.png Graphic file (type png)
<use images/Event-architecture.png>
Package pdftex.def Info: images/Event-architecture.png  used on input line 392.
(pdftex.def)             Requested size: 516.0pt x 273.52248pt.

Overfull \hbox (264.0pt too wide) in paragraph at lines 392--393
 [][] 
 []


LaTeX Warning: `h' float specifier changed to `ht'.


LaTeX Warning: Reference `tab:architecture-characteristics' on page 9 undefined on input line 412.

[9 <./images/Event-architecture.png>]

LaTeX Warning: Reference `fig:Metamycelium' on page 10 undefined on input line 450.


/Users/pataei/Desktop/Projects/Terramycelium/test.tex:453: LaTeX Error: Environment sidewaysfigure undefined.

See the LaTeX manual or LaTeX Companion for explanation.
Type  H <return>  for immediate help.
 ...                                              
                                                  
l.453 \begin{sidewaysfigure}
                            
Your command was ignored.
Type  I <command> <return>  to replace it with another command,
or  <return>  to continue without it.

<images/Metamycelium.jpg, id=91, 1973.3725pt x 895.345pt>
File: images/Metamycelium.jpg Graphic file (type jpg)
<use images/Metamycelium.jpg>
Package pdftex.def Info: images/Metamycelium.jpg  used on input line 454.
(pdftex.def)             Requested size: 654.41338pt x 296.91292pt.

/Users/pataei/Desktop/Projects/Terramycelium/test.tex:455: LaTeX Error: \caption outside float.

See the LaTeX manual or LaTeX Companion for explanation.
Type  H <return>  for immediate help.
 ...                                              
                                                  
l.455   \caption
                {Metamycelium}
You're in trouble here.  Try typing  <return>  to proceed.
If that doesn't work, type  X <return>  to quit.


/Users/pataei/Desktop/Projects/Terramycelium/test.tex:457: LaTeX Error: \begin{document} ended by \end{sidewaysfigure}.

See the LaTeX manual or LaTeX Companion for explanation.
Type  H <return>  for immediate help.
 ...                                              
                                                  
l.457 \end{sidewaysfigure}
                          
Your command was ignored.
Type  I <command> <return>  to replace it with another command,
or  <return>  to continue without it.


Overfull \hbox (412.41338pt too wide) in paragraph at lines 454--458
[][]
 []


Underfull \vbox (badness 10000) has occurred while \output is active []



LaTeX Warning: Reference `fig:MetamyceliumServiceMesh' on page 10 undefined on input line 459.


/Users/pataei/Desktop/Projects/Terramycelium/test.tex:461: LaTeX Error: Environment sidewaysfigure undefined.

See the LaTeX manual or LaTeX Companion for explanation.
Type  H <return>  for immediate help.
 ...                                              
                                                  
l.461 \begin{sidewaysfigure}
                            
Your command was ignored.
Type  I <command> <return>  to replace it with another command,
or  <return>  to continue without it.

<images/metamyceliumServiceMesh.jpg, id=92, 1744.5175pt x 736.7525pt>
File: images/metamyceliumServiceMesh.jpg Graphic file (type jpg)
<use images/metamyceliumServiceMesh.jpg>
Package pdftex.def Info: images/metamyceliumServiceMesh.jpg  used on input line 462.
(pdftex.def)             Requested size: 654.41338pt x 276.37144pt.

/Users/pataei/Desktop/Projects/Terramycelium/test.tex:463: LaTeX Error: \caption outside float.

See the LaTeX manual or LaTeX Companion for explanation.
Type  H <return>  for immediate help.
 ...                                              
                                                  
l.463   \caption
                {Service Mesh}
You're in trouble here.  Try typing  <return>  to proceed.
If that doesn't work, type  X <return>  to quit.


/Users/pataei/Desktop/Projects/Terramycelium/test.tex:465: LaTeX Error: \begin{document} ended by \end{sidewaysfigure}.

See the LaTeX manual or LaTeX Companion for explanation.
Type  H <return>  for immediate help.
 ...                                              
                                                  
l.465 \end{sidewaysfigure}
                          
Your command was ignored.
Type  I <command> <return>  to replace it with another command,
or  <return>  to continue without it.


Overfull \hbox (412.41338pt too wide) in paragraph at lines 462--466
[][]
 []

[10 <./images/Metamycelium.jpg> <./images/metamyceliumServiceMesh.jpg>] [11]
Underfull \hbox (badness 4967) in paragraph at lines 525--526
[]\OT1/ptm/m/n/10 Overall, the in-clu-sion of an egress gate-way in
 []

[12] [13]

LaTeX Warning: Reference `diagram:IAM' on page 14 undefined on input line 589.

<images/Metamycelium-identity-and-access-control.jpg, id=126, 1769.61125pt x 808.01875pt>
File: images/Metamycelium-identity-and-access-control.jpg Graphic file (type jpg)
<use images/Metamycelium-identity-and-access-control.jpg>
Package pdftex.def Info: images/Metamycelium-identity-and-access-control.jpg  used on input line 592.
(pdftex.def)             Requested size: 516.0pt x 235.61401pt.

Overfull \hbox (264.0pt too wide) in paragraph at lines 592--593
[][] 
 []


LaTeX Warning: `h' float specifier changed to `ht'.


Underfull \hbox (badness 3769) in paragraph at lines 606--607
\OT1/ptm/m/n/10 te-gra-tion with other com-po-nents and ser-vices in
 []

[14 <./images/Metamycelium-identity-and-access-control.jpg>]
/Users/pataei/Desktop/Projects/Terramycelium/test.tex:621: Undefined control sequence.
l.621 ...on the parameters outlined by \citeauthor
                                                  {wieringa2014design}. Alth...
The control sequence at the end of the top line
of your error message was never \def'ed. If you have
misspelled it (e.g., `\hobx'), type `I' and the correct
spelling (e.g., `I\hbox'). Otherwise just continue,
and I'll forget about whatever was undefined.


LaTeX Warning: Reference `caseMechanismResearchDesignAndValidation' on page 15 undefined on input line 623.


LaTeX Warning: Reference `metamyceliumPrototype' on page 15 undefined on input line 633.


Underfull \hbox (badness 4254) in paragraph at lines 633--634
[]\OT1/ptm/m/n/10 Figure [] shows a con-crete struc-ture cre-ated with
 []

<images/metamyceliumConcrete.jpg, id=134, 1683.28876pt x 1026.83624pt>
File: images/metamyceliumConcrete.jpg Graphic file (type jpg)
<use images/metamyceliumConcrete.jpg>
Package pdftex.def Info: images/metamyceliumConcrete.jpg  used on input line 637.
(pdftex.def)             Requested size: 341.43306pt x 208.2779pt.

Overfull \hbox (89.43306pt too wide) in paragraph at lines 637--638
 [][] 
 []


LaTeX Warning: `!h' float specifier changed to `!ht'.


LaTeX Warning: Citation `KIND2023' on page 15 undefined on input line 645.

/Users/pataei/Desktop/Projects/Terramycelium/test.tex:648: Undefined control sequence.
l.648 ...he Github repository cited as \citeauthor
                                                  {InfrastructureForMetamyce...
The control sequence at the end of the top line
of your error message was never \def'ed. If you have
misspelled it (e.g., `\hobx'), type `I' and the correct
spelling (e.g., `I\hbox'). Otherwise just continue,
and I'll forget about whatever was undefined.


LaTeX Warning: Citation `ArtifactHub2023' on page 15 undefined on input line 650.


LaTeX Warning: Citation `HashiCorpVaultHelm2023' on page 15 undefined on input line 661.


LaTeX Warning: Reference `experimentChallenges' on page 15 undefined on input line 661.

[15 <./images/metamyceliumConcrete.jpg>]

LaTeX Warning: Reference `OPAISTIO' on page 16 undefined on input line 675.

<images/OPA-istio-flow.png, id=144, 1304.875pt x 603.25375pt>
File: images/OPA-istio-flow.png Graphic file (type png)
<use images/OPA-istio-flow.png>
Package pdftex.def Info: images/OPA-istio-flow.png  used on input line 679.
(pdftex.def)             Requested size: 516.0pt x 238.55415pt.

Overfull \hbox (264.0pt too wide) in paragraph at lines 679--680
 [][] 
 []


LaTeX Warning: `!h' float specifier changed to `!ht'.


LaTeX Warning: Reference `metMyceliumRequirements' on page 16 undefined on input line 684.

[16 <./images/OPA-istio-flow.png (PNG copy)>]

LaTeX Warning: Reference `s1Table' on page 17 undefined on input line 702.


LaTeX Warning: Reference `s6Table' on page 17 undefined on input line 702.


/Users/pataei/Desktop/Projects/Terramycelium/test.tex:706: LaTeX Error: Environment tabularx undefined.

See the LaTeX manual or LaTeX Companion for explanation.
Type  H <return>  for immediate help.
 ...                                              
                                                  
l.706   \begin{tabularx}
                        {\textwidth}{|>{\raggedright\arraybackslash}p{5cm}|X|}
Your command was ignored.
Type  I <command> <return>  to replace it with another command,
or  <return>  to continue without it.

/Users/pataei/Desktop/Projects/Terramycelium/test.tex:706: Missing number, treated as zero.
<to be read again> 
                   }
l.706   \begin{tabularx}{\textwidth}
                                    {|>{\raggedright\arraybackslash}p{5cm}|X|}
A number should have been here; I inserted `0'.
(If you can't figure out why I needed to see a number,
look up `weird error' in the index to The TeXbook.)

/Users/pataei/Desktop/Projects/Terramycelium/test.tex:706: Illegal unit of measure (pt inserted).
<to be read again> 
                   }
l.706   \begin{tabularx}{\textwidth}
                                    {|>{\raggedright\arraybackslash}p{5cm}|X|}
Dimensions can be in units of em, ex, in, pt, pc,
cm, mm, dd, cc, nd, nc, bp, or sp; but yours is a new one!
I'll assume that you meant to say pt, for printer's points.
To recover gracefully from this error, it's best to
delete the erroneous units; e.g., type `2' to delete
two letters. (See Chapter 27 of The TeXbook.)

/Users/pataei/Desktop/Projects/Terramycelium/test.tex:706: Undefined control sequence.
l.706 ...textwidth}{|>{\raggedright\arraybackslash
                                                  }p{5cm}|X|}
The control sequence at the end of the top line
of your error message was never \def'ed. If you have
misspelled it (e.g., `\hobx'), type `I' and the correct
spelling (e.g., `I\hbox'). Otherwise just continue,
and I'll forget about whatever was undefined.

/Users/pataei/Desktop/Projects/Terramycelium/test.tex:707: Misplaced \noalign.
\hline ->\noalign 
                  {\ifnum 0=`}\fi \hrule \@height \arrayrulewidth \futurelet...
l.707   \hline
              
I expect to see \noalign only after the \cr of
an alignment. Proceed, and I'll ignore this case.

/Users/pataei/Desktop/Projects/Terramycelium/test.tex:708: Misplaced alignment tab character &.
l.708   \textbf{Scenario Description:} &
                                         The system is subjected to a high v...
I can't figure out why you would want to use a tab mark
here. If you just want an ampersand, the remedy is
simple: Just type `I\&' now. But if some right brace
up above has ended a previous alignment prematurely,
you're probably due for more error messages, and you
might try typing `S' now just to see what is salvageable.

/Users/pataei/Desktop/Projects/Terramycelium/test.tex:709: Misplaced \noalign.
\hline ->\noalign 
                  {\ifnum 0=`}\fi \hrule \@height \arrayrulewidth \futurelet...
l.709   \hline
              
I expect to see \noalign only after the \cr of
an alignment. Proceed, and I'll ignore this case.


Underfull \hbox (badness 10000) in paragraph at lines 708--709

 []

/Users/pataei/Desktop/Projects/Terramycelium/test.tex:710: Misplaced alignment tab character &.
l.710   \textbf{Relevant Quality Attributes:} &
                                                Performance, Scalability. \\
I can't figure out why you would want to use a tab mark
here. If you just want an ampersand, the remedy is
simple: Just type `I\&' now. But if some right brace
up above has ended a previous alignment prematurely,
you're probably due for more error messages, and you
might try typing `S' now just to see what is salvageable.

/Users/pataei/Desktop/Projects/Terramycelium/test.tex:711: Misplaced \noalign.
\hline ->\noalign 
                  {\ifnum 0=`}\fi \hrule \@height \arrayrulewidth \futurelet...
l.711   \hline
              
I expect to see \noalign only after the \cr of
an alignment. Proceed, and I'll ignore this case.


Underfull \hbox (badness 10000) in paragraph at lines 710--711

 []

/Users/pataei/Desktop/Projects/Terramycelium/test.tex:712: Misplaced alignment tab character &.
l.712   \textbf{Expected Outcome:} &
                                     The system can ingest, store, and proce...
I can't figure out why you would want to use a tab mark
here. If you just want an ampersand, the remedy is
simple: Just type `I\&' now. But if some right brace
up above has ended a previous alignment prematurely,
you're probably due for more error messages, and you
might try typing `S' now just to see what is salvageable.

/Users/pataei/Desktop/Projects/Terramycelium/test.tex:713: Misplaced \noalign.
\hline ->\noalign 
                  {\ifnum 0=`}\fi \hrule \@height \arrayrulewidth \futurelet...
l.713   \hline
              
I expect to see \noalign only after the \cr of
an alignment. Proceed, and I'll ignore this case.


Underfull \hbox (badness 10000) in paragraph at lines 712--713

 []

/Users/pataei/Desktop/Projects/Terramycelium/test.tex:714: Misplaced alignment tab character &.
l.714 ...ual Outcome, Evaluation, Implications:} &
                                                   To be filled out during t...
I can't figure out why you would want to use a tab mark
here. If you just want an ampersand, the remedy is
simple: Just type `I\&' now. But if some right brace
up above has ended a previous alignment prematurely,
you're probably due for more error messages, and you
might try typing `S' now just to see what is salvageable.

/Users/pataei/Desktop/Projects/Terramycelium/test.tex:715: Misplaced \noalign.
\hline ->\noalign 
                  {\ifnum 0=`}\fi \hrule \@height \arrayrulewidth \futurelet...
l.715   \hline
              
I expect to see \noalign only after the \cr of
an alignment. Proceed, and I'll ignore this case.


Underfull \hbox (badness 10000) in paragraph at lines 714--715

 []


/Users/pataei/Desktop/Projects/Terramycelium/test.tex:716: LaTeX Error: \begin{table} on input line 704 ended by \end{tabularx}.

See the LaTeX manual or LaTeX Companion for explanation.
Type  H <return>  for immediate help.
 ...                                              
                                                  
l.716   \end{tabularx}
                      
Your command was ignored.
Type  I <command> <return>  to replace it with another command,
or  <return>  to continue without it.


/Users/pataei/Desktop/Projects/Terramycelium/test.tex:722: LaTeX Error: Environment tabularx undefined.

See the LaTeX manual or LaTeX Companion for explanation.
Type  H <return>  for immediate help.
 ...                                              
                                                  
l.722   \begin{tabularx}
                        {\textwidth}{|>{\raggedright\arraybackslash}p{5cm}|X|}
Your command was ignored.
Type  I <command> <return>  to replace it with another command,
or  <return>  to continue without it.

/Users/pataei/Desktop/Projects/Terramycelium/test.tex:722: Missing number, treated as zero.
<to be read again> 
                   }
l.722   \begin{tabularx}{\textwidth}
                                    {|>{\raggedright\arraybackslash}p{5cm}|X|}
A number should have been here; I inserted `0'.
(If you can't figure out why I needed to see a number,
look up `weird error' in the index to The TeXbook.)

/Users/pataei/Desktop/Projects/Terramycelium/test.tex:722: Illegal unit of measure (pt inserted).
<to be read again> 
                   }
l.722   \begin{tabularx}{\textwidth}
                                    {|>{\raggedright\arraybackslash}p{5cm}|X|}
Dimensions can be in units of em, ex, in, pt, pc,
cm, mm, dd, cc, nd, nc, bp, or sp; but yours is a new one!
I'll assume that you meant to say pt, for printer's points.
To recover gracefully from this error, it's best to
delete the erroneous units; e.g., type `2' to delete
two letters. (See Chapter 27 of The TeXbook.)

/Users/pataei/Desktop/Projects/Terramycelium/test.tex:722: Undefined control sequence.
l.722 ...textwidth}{|>{\raggedright\arraybackslash
                                                  }p{5cm}|X|}
The control sequence at the end of the top line
of your error message was never \def'ed. If you have
misspelled it (e.g., `\hobx'), type `I' and the correct
spelling (e.g., `I\hbox'). Otherwise just continue,
and I'll forget about whatever was undefined.

/Users/pataei/Desktop/Projects/Terramycelium/test.tex:723: Misplaced \noalign.
\hline ->\noalign 
                  {\ifnum 0=`}\fi \hrule \@height \arrayrulewidth \futurelet...
l.723   \hline
              
I expect to see \noalign only after the \cr of
an alignment. Proceed, and I'll ignore this case.

/Users/pataei/Desktop/Projects/Terramycelium/test.tex:724: Misplaced alignment tab character &.
l.724   \textbf{Scenario Description:} &
                                         The system is subjected to a high v...
I can't figure out why you would want to use a tab mark
here. If you just want an ampersand, the remedy is
simple: Just type `I\&' now. But if some right brace
up above has ended a previous alignment prematurely,
you're probably due for more error messages, and you
might try typing `S' now just to see what is salvageable.

/Users/pataei/Desktop/Projects/Terramycelium/test.tex:725: Misplaced \noalign.
\hline ->\noalign 
                  {\ifnum 0=`}\fi \hrule \@height \arrayrulewidth \futurelet...
l.725   \hline
              
I expect to see \noalign only after the \cr of
an alignment. Proceed, and I'll ignore this case.


Underfull \hbox (badness 10000) in paragraph at lines 724--725

 []

/Users/pataei/Desktop/Projects/Terramycelium/test.tex:726: Misplaced alignment tab character &.
l.726   \textbf{Relevant Quality Attributes:} &
                                                Performance, Scalability. \\
I can't figure out why you would want to use a tab mark
here. If you just want an ampersand, the remedy is
simple: Just type `I\&' now. But if some right brace
up above has ended a previous alignment prematurely,
you're probably due for more error messages, and you
might try typing `S' now just to see what is salvageable.

/Users/pataei/Desktop/Projects/Terramycelium/test.tex:727: Misplaced \noalign.
\hline ->\noalign 
                  {\ifnum 0=`}\fi \hrule \@height \arrayrulewidth \futurelet...
l.727   \hline
              
I expect to see \noalign only after the \cr of
an alignment. Proceed, and I'll ignore this case.


Underfull \hbox (badness 10000) in paragraph at lines 726--727

 []

/Users/pataei/Desktop/Projects/Terramycelium/test.tex:728: Misplaced alignment tab character &.
l.728   \textbf{Expected Outcome:} &
                                     The system can ingest, store, and proce...
I can't figure out why you would want to use a tab mark
here. If you just want an ampersand, the remedy is
simple: Just type `I\&' now. But if some right brace
up above has ended a previous alignment prematurely,
you're probably due for more error messages, and you
might try typing `S' now just to see what is salvageable.

/Users/pataei/Desktop/Projects/Terramycelium/test.tex:729: Misplaced \noalign.
\hline ->\noalign 
                  {\ifnum 0=`}\fi \hrule \@height \arrayrulewidth \futurelet...
l.729   \hline
              
I expect to see \noalign only after the \cr of
an alignment. Proceed, and I'll ignore this case.


Underfull \hbox (badness 10000) in paragraph at lines 728--729

 []

/Users/pataei/Desktop/Projects/Terramycelium/test.tex:730: Misplaced alignment tab character &.
l.730 ...ual Outcome, Evaluation, Implications:} &
                                                   To be filled out during t...
I can't figure out why you would want to use a tab mark
here. If you just want an ampersand, the remedy is
simple: Just type `I\&' now. But if some right brace
up above has ended a previous alignment prematurely,
you're probably due for more error messages, and you
might try typing `S' now just to see what is salvageable.

/Users/pataei/Desktop/Projects/Terramycelium/test.tex:731: Misplaced \noalign.
\hline ->\noalign 
                  {\ifnum 0=`}\fi \hrule \@height \arrayrulewidth \futurelet...
l.731   \hline
              
I expect to see \noalign only after the \cr of
an alignment. Proceed, and I'll ignore this case.


Underfull \hbox (badness 10000) in paragraph at lines 730--731

 []


/Users/pataei/Desktop/Projects/Terramycelium/test.tex:732: LaTeX Error: \begin{table} on input line 720 ended by \end{tabularx}.

See the LaTeX manual or LaTeX Companion for explanation.
Type  H <return>  for immediate help.
 ...                                              
                                                  
l.732   \end{tabularx}
                      
Your command was ignored.
Type  I <command> <return>  to replace it with another command,
or  <return>  to continue without it.


/Users/pataei/Desktop/Projects/Terramycelium/test.tex:737: LaTeX Error: Environment tabularx undefined.

See the LaTeX manual or LaTeX Companion for explanation.
Type  H <return>  for immediate help.
 ...                                              
                                                  
l.737   \begin{tabularx}
                        {\textwidth}{|>{\raggedright\arraybackslash}p{5cm}|X|}
Your command was ignored.
Type  I <command> <return>  to replace it with another command,
or  <return>  to continue without it.

/Users/pataei/Desktop/Projects/Terramycelium/test.tex:737: Missing number, treated as zero.
<to be read again> 
                   }
l.737   \begin{tabularx}{\textwidth}
                                    {|>{\raggedright\arraybackslash}p{5cm}|X|}
A number should have been here; I inserted `0'.
(If you can't figure out why I needed to see a number,
look up `weird error' in the index to The TeXbook.)

/Users/pataei/Desktop/Projects/Terramycelium/test.tex:737: Illegal unit of measure (pt inserted).
<to be read again> 
                   }
l.737   \begin{tabularx}{\textwidth}
                                    {|>{\raggedright\arraybackslash}p{5cm}|X|}
Dimensions can be in units of em, ex, in, pt, pc,
cm, mm, dd, cc, nd, nc, bp, or sp; but yours is a new one!
I'll assume that you meant to say pt, for printer's points.
To recover gracefully from this error, it's best to
delete the erroneous units; e.g., type `2' to delete
two letters. (See Chapter 27 of The TeXbook.)

/Users/pataei/Desktop/Projects/Terramycelium/test.tex:737: Undefined control sequence.
l.737 ...textwidth}{|>{\raggedright\arraybackslash
                                                  }p{5cm}|X|}
The control sequence at the end of the top line
of your error message was never \def'ed. If you have
misspelled it (e.g., `\hobx'), type `I' and the correct
spelling (e.g., `I\hbox'). Otherwise just continue,
and I'll forget about whatever was undefined.

/Users/pataei/Desktop/Projects/Terramycelium/test.tex:738: Misplaced \noalign.
\hline ->\noalign 
                  {\ifnum 0=`}\fi \hrule \@height \arrayrulewidth \futurelet...
l.738   \hline
              
I expect to see \noalign only after the \cr of
an alignment. Proceed, and I'll ignore this case.

/Users/pataei/Desktop/Projects/Terramycelium/test.tex:739: Misplaced alignment tab character &.
l.739   \textbf{Scenario Description:} &
                                         The system is exposed to a diverse ...
I can't figure out why you would want to use a tab mark
here. If you just want an ampersand, the remedy is
simple: Just type `I\&' now. But if some right brace
up above has ended a previous alignment prematurely,
you're probably due for more error messages, and you
might try typing `S' now just to see what is salvageable.

/Users/pataei/Desktop/Projects/Terramycelium/test.tex:740: Misplaced \noalign.
\hline ->\noalign 
                  {\ifnum 0=`}\fi \hrule \@height \arrayrulewidth \futurelet...
l.740   \hline
              
I expect to see \noalign only after the \cr of
an alignment. Proceed, and I'll ignore this case.


Underfull \hbox (badness 10000) in paragraph at lines 739--740

 []

/Users/pataei/Desktop/Projects/Terramycelium/test.tex:741: Misplaced alignment tab character &.
l.741   \textbf{Relevant Quality Attributes:} &
                                                Variety, Interoperability. \\
I can't figure out why you would want to use a tab mark
here. If you just want an ampersand, the remedy is
simple: Just type `I\&' now. But if some right brace
up above has ended a previous alignment prematurely,
you're probably due for more error messages, and you
might try typing `S' now just to see what is salvageable.

/Users/pataei/Desktop/Projects/Terramycelium/test.tex:742: Misplaced \noalign.
\hline ->\noalign 
                  {\ifnum 0=`}\fi \hrule \@height \arrayrulewidth \futurelet...
l.742   \hline
              
I expect to see \noalign only after the \cr of
an alignment. Proceed, and I'll ignore this case.


Underfull \hbox (badness 10000) in paragraph at lines 741--742

 []

/Users/pataei/Desktop/Projects/Terramycelium/test.tex:743: Misplaced alignment tab character &.
l.743   \textbf{Expected Outcome:} &
                                     The system can handle and process diffe...
I can't figure out why you would want to use a tab mark
here. If you just want an ampersand, the remedy is
simple: Just type `I\&' now. But if some right brace
up above has ended a previous alignment prematurely,
you're probably due for more error messages, and you
might try typing `S' now just to see what is salvageable.

/Users/pataei/Desktop/Projects/Terramycelium/test.tex:744: Misplaced \noalign.
\hline ->\noalign 
                  {\ifnum 0=`}\fi \hrule \@height \arrayrulewidth \futurelet...
l.744   \hline
              
I expect to see \noalign only after the \cr of
an alignment. Proceed, and I'll ignore this case.


Underfull \hbox (badness 10000) in paragraph at lines 743--744

 []

/Users/pataei/Desktop/Projects/Terramycelium/test.tex:745: Misplaced alignment tab character &.
l.745 ...ual Outcome, Evaluation, Implications:} &
                                                   To be filled out during t...
I can't figure out why you would want to use a tab mark
here. If you just want an ampersand, the remedy is
simple: Just type `I\&' now. But if some right brace
up above has ended a previous alignment prematurely,
you're probably due for more error messages, and you
might try typing `S' now just to see what is salvageable.

/Users/pataei/Desktop/Projects/Terramycelium/test.tex:746: Misplaced \noalign.
\hline ->\noalign 
                  {\ifnum 0=`}\fi \hrule \@height \arrayrulewidth \futurelet...
l.746   \hline
              
I expect to see \noalign only after the \cr of
an alignment. Proceed, and I'll ignore this case.


Underfull \hbox (badness 10000) in paragraph at lines 745--746

 []


/Users/pataei/Desktop/Projects/Terramycelium/test.tex:747: LaTeX Error: \begin{table} on input line 735 ended by \end{tabularx}.

See the LaTeX manual or LaTeX Companion for explanation.
Type  H <return>  for immediate help.
 ...                                              
                                                  
l.747   \end{tabularx}
                      
Your command was ignored.
Type  I <command> <return>  to replace it with another command,
or  <return>  to continue without it.


/Users/pataei/Desktop/Projects/Terramycelium/test.tex:752: LaTeX Error: Environment tabularx undefined.

See the LaTeX manual or LaTeX Companion for explanation.
Type  H <return>  for immediate help.
 ...                                              
                                                  
l.752   \begin{tabularx}
                        {\textwidth}{|>{\raggedright\arraybackslash}p{5cm}|X|}
Your command was ignored.
Type  I <command> <return>  to replace it with another command,
or  <return>  to continue without it.

/Users/pataei/Desktop/Projects/Terramycelium/test.tex:752: Missing number, treated as zero.
<to be read again> 
                   }
l.752   \begin{tabularx}{\textwidth}
                                    {|>{\raggedright\arraybackslash}p{5cm}|X|}
A number should have been here; I inserted `0'.
(If you can't figure out why I needed to see a number,
look up `weird error' in the index to The TeXbook.)

/Users/pataei/Desktop/Projects/Terramycelium/test.tex:752: Illegal unit of measure (pt inserted).
<to be read again> 
                   }
l.752   \begin{tabularx}{\textwidth}
                                    {|>{\raggedright\arraybackslash}p{5cm}|X|}
Dimensions can be in units of em, ex, in, pt, pc,
cm, mm, dd, cc, nd, nc, bp, or sp; but yours is a new one!
I'll assume that you meant to say pt, for printer's points.
To recover gracefully from this error, it's best to
delete the erroneous units; e.g., type `2' to delete
two letters. (See Chapter 27 of The TeXbook.)

/Users/pataei/Desktop/Projects/Terramycelium/test.tex:752: Undefined control sequence.
l.752 ...textwidth}{|>{\raggedright\arraybackslash
                                                  }p{5cm}|X|}
The control sequence at the end of the top line
of your error message was never \def'ed. If you have
misspelled it (e.g., `\hobx'), type `I' and the correct
spelling (e.g., `I\hbox'). Otherwise just continue,
and I'll forget about whatever was undefined.

/Users/pataei/Desktop/Projects/Terramycelium/test.tex:753: Misplaced \noalign.
\hline ->\noalign 
                  {\ifnum 0=`}\fi \hrule \@height \arrayrulewidth \futurelet...
l.753   \hline
              
I expect to see \noalign only after the \cr of
an alignment. Proceed, and I'll ignore this case.

/Users/pataei/Desktop/Projects/Terramycelium/test.tex:754: Misplaced alignment tab character &.
l.754   \textbf{Scenario Description:} &
                                         The system processes complex querie...
I can't figure out why you would want to use a tab mark
here. If you just want an ampersand, the remedy is
simple: Just type `I\&' now. But if some right brace
up above has ended a previous alignment prematurely,
you're probably due for more error messages, and you
might try typing `S' now just to see what is salvageable.

/Users/pataei/Desktop/Projects/Terramycelium/test.tex:755: Misplaced \noalign.
\hline ->\noalign 
                  {\ifnum 0=`}\fi \hrule \@height \arrayrulewidth \futurelet...
l.755   \hline
              
I expect to see \noalign only after the \cr of
an alignment. Proceed, and I'll ignore this case.


Underfull \hbox (badness 10000) in paragraph at lines 754--755

 []

/Users/pataei/Desktop/Projects/Terramycelium/test.tex:756: Misplaced alignment tab character &.
l.756   \textbf{Relevant Quality Attributes:} &
                                                Computational Efficiency, Pe...
I can't figure out why you would want to use a tab mark
here. If you just want an ampersand, the remedy is
simple: Just type `I\&' now. But if some right brace
up above has ended a previous alignment prematurely,
you're probably due for more error messages, and you
might try typing `S' now just to see what is salvageable.

/Users/pataei/Desktop/Projects/Terramycelium/test.tex:757: Misplaced \noalign.
\hline ->\noalign 
                  {\ifnum 0=`}\fi \hrule \@height \arrayrulewidth \futurelet...
l.757   \hline
              
I expect to see \noalign only after the \cr of
an alignment. Proceed, and I'll ignore this case.


Underfull \hbox (badness 10000) in paragraph at lines 756--757

 []

/Users/pataei/Desktop/Projects/Terramycelium/test.tex:758: Misplaced alignment tab character &.
l.758   \textbf{Expected Outcome:} &
                                     The system can efficiently handle and p...
I can't figure out why you would want to use a tab mark
here. If you just want an ampersand, the remedy is
simple: Just type `I\&' now. But if some right brace
up above has ended a previous alignment prematurely,
you're probably due for more error messages, and you
might try typing `S' now just to see what is salvageable.

/Users/pataei/Desktop/Projects/Terramycelium/test.tex:759: Misplaced \noalign.
\hline ->\noalign 
                  {\ifnum 0=`}\fi \hrule \@height \arrayrulewidth \futurelet...
l.759   \hline
              
I expect to see \noalign only after the \cr of
an alignment. Proceed, and I'll ignore this case.


Underfull \hbox (badness 10000) in paragraph at lines 758--759

 []

/Users/pataei/Desktop/Projects/Terramycelium/test.tex:760: Misplaced alignment tab character &.
l.760 ...ual Outcome, Evaluation, Implications:} &
                                                   To be filled out during t...
I can't figure out why you would want to use a tab mark
here. If you just want an ampersand, the remedy is
simple: Just type `I\&' now. But if some right brace
up above has ended a previous alignment prematurely,
you're probably due for more error messages, and you
might try typing `S' now just to see what is salvageable.

/Users/pataei/Desktop/Projects/Terramycelium/test.tex:761: Misplaced \noalign.
\hline ->\noalign 
                  {\ifnum 0=`}\fi \hrule \@height \arrayrulewidth \futurelet...
l.761   \hline
              
I expect to see \noalign only after the \cr of
an alignment. Proceed, and I'll ignore this case.


Underfull \hbox (badness 10000) in paragraph at lines 760--761

 []


/Users/pataei/Desktop/Projects/Terramycelium/test.tex:762: LaTeX Error: \begin{table} on input line 750 ended by \end{tabularx}.

See the LaTeX manual or LaTeX Companion for explanation.
Type  H <return>  for immediate help.
 ...                                              
                                                  
l.762   \end{tabularx}
                      
Your command was ignored.
Type  I <command> <return>  to replace it with another command,
or  <return>  to continue without it.


/Users/pataei/Desktop/Projects/Terramycelium/test.tex:767: LaTeX Error: Environment tabularx undefined.

See the LaTeX manual or LaTeX Companion for explanation.
Type  H <return>  for immediate help.
 ...                                              
                                                  
l.767   \begin{tabularx}
                        {\textwidth}{|>{\raggedright\arraybackslash}p{5cm}|X|}
Your command was ignored.
Type  I <command> <return>  to replace it with another command,
or  <return>  to continue without it.

/Users/pataei/Desktop/Projects/Terramycelium/test.tex:767: Missing number, treated as zero.
<to be read again> 
                   }
l.767   \begin{tabularx}{\textwidth}
                                    {|>{\raggedright\arraybackslash}p{5cm}|X|}
A number should have been here; I inserted `0'.
(If you can't figure out why I needed to see a number,
look up `weird error' in the index to The TeXbook.)

/Users/pataei/Desktop/Projects/Terramycelium/test.tex:767: Illegal unit of measure (pt inserted).
<to be read again> 
                   }
l.767   \begin{tabularx}{\textwidth}
                                    {|>{\raggedright\arraybackslash}p{5cm}|X|}
Dimensions can be in units of em, ex, in, pt, pc,
cm, mm, dd, cc, nd, nc, bp, or sp; but yours is a new one!
I'll assume that you meant to say pt, for printer's points.
To recover gracefully from this error, it's best to
delete the erroneous units; e.g., type `2' to delete
two letters. (See Chapter 27 of The TeXbook.)

/Users/pataei/Desktop/Projects/Terramycelium/test.tex:767: Undefined control sequence.
l.767 ...textwidth}{|>{\raggedright\arraybackslash
                                                  }p{5cm}|X|}
The control sequence at the end of the top line
of your error message was never \def'ed. If you have
misspelled it (e.g., `\hobx'), type `I' and the correct
spelling (e.g., `I\hbox'). Otherwise just continue,
and I'll forget about whatever was undefined.

/Users/pataei/Desktop/Projects/Terramycelium/test.tex:768: Misplaced \noalign.
\hline ->\noalign 
                  {\ifnum 0=`}\fi \hrule \@height \arrayrulewidth \futurelet...
l.768   \hline
              
I expect to see \noalign only after the \cr of
an alignment. Proceed, and I'll ignore this case.

/Users/pataei/Desktop/Projects/Terramycelium/test.tex:769: Misplaced alignment tab character &.
l.769   \textbf{Scenario Description:} &
                                         This scenario underscores the syste...
I can't figure out why you would want to use a tab mark
here. If you just want an ampersand, the remedy is
simple: Just type `I\&' now. But if some right brace
up above has ended a previous alignment prematurely,
you're probably due for more error messages, and you
might try typing `S' now just to see what is salvageable.

/Users/pataei/Desktop/Projects/Terramycelium/test.tex:770: Misplaced \noalign.
\hline ->\noalign 
                  {\ifnum 0=`}\fi \hrule \@height \arrayrulewidth \futurelet...
l.770   \hline
              
I expect to see \noalign only after the \cr of
an alignment. Proceed, and I'll ignore this case.


Underfull \hbox (badness 10000) in paragraph at lines 769--770

 []

/Users/pataei/Desktop/Projects/Terramycelium/test.tex:771: Misplaced alignment tab character &.
l.771   \textbf{Relevant Quality Attributes:} &
                                                Confidentiality, Integrity, ...
I can't figure out why you would want to use a tab mark
here. If you just want an ampersand, the remedy is
simple: Just type `I\&' now. But if some right brace
up above has ended a previous alignment prematurely,
you're probably due for more error messages, and you
might try typing `S' now just to see what is salvageable.

/Users/pataei/Desktop/Projects/Terramycelium/test.tex:772: Misplaced \noalign.
\hline ->\noalign 
                  {\ifnum 0=`}\fi \hrule \@height \arrayrulewidth \futurelet...
l.772   \hline
              
I expect to see \noalign only after the \cr of
an alignment. Proceed, and I'll ignore this case.


Underfull \hbox (badness 10000) in paragraph at lines 771--772

 []

/Users/pataei/Desktop/Projects/Terramycelium/test.tex:773: Misplaced alignment tab character &.
l.773   \textbf{Expected Outcome:} &
                                     The system securely manages secrets, en...
I can't figure out why you would want to use a tab mark
here. If you just want an ampersand, the remedy is
simple: Just type `I\&' now. But if some right brace
up above has ended a previous alignment prematurely,
you're probably due for more error messages, and you
might try typing `S' now just to see what is salvageable.

/Users/pataei/Desktop/Projects/Terramycelium/test.tex:774: Misplaced \noalign.
\hline ->\noalign 
                  {\ifnum 0=`}\fi \hrule \@height \arrayrulewidth \futurelet...
l.774   \hline
              
I expect to see \noalign only after the \cr of
an alignment. Proceed, and I'll ignore this case.


Underfull \hbox (badness 10000) in paragraph at lines 773--774

 []

/Users/pataei/Desktop/Projects/Terramycelium/test.tex:775: Misplaced alignment tab character &.
l.775 ...ual Outcome, Evaluation, Implications:} &
                                                   To be filled out during t...
I can't figure out why you would want to use a tab mark
here. If you just want an ampersand, the remedy is
simple: Just type `I\&' now. But if some right brace
up above has ended a previous alignment prematurely,
you're probably due for more error messages, and you
might try typing `S' now just to see what is salvageable.

/Users/pataei/Desktop/Projects/Terramycelium/test.tex:776: Misplaced \noalign.
\hline ->\noalign 
                  {\ifnum 0=`}\fi \hrule \@height \arrayrulewidth \futurelet...
l.776   \hline
              
I expect to see \noalign only after the \cr of
an alignment. Proceed, and I'll ignore this case.


Underfull \hbox (badness 10000) in paragraph at lines 775--776

 []


/Users/pataei/Desktop/Projects/Terramycelium/test.tex:777: LaTeX Error: \begin{table} on input line 765 ended by \end{tabularx}.

See the LaTeX manual or LaTeX Companion for explanation.
Type  H <return>  for immediate help.
 ...                                              
                                                  
l.777   \end{tabularx}
                      
Your command was ignored.
Type  I <command> <return>  to replace it with another command,
or  <return>  to continue without it.


/Users/pataei/Desktop/Projects/Terramycelium/test.tex:782: LaTeX Error: Environment tabularx undefined.

See the LaTeX manual or LaTeX Companion for explanation.
Type  H <return>  for immediate help.
 ...                                              
                                                  
l.782   \begin{tabularx}
                        {\textwidth}{|>{\raggedright\arraybackslash}p{5cm}|X|}
Your command was ignored.
Type  I <command> <return>  to replace it with another command,
or  <return>  to continue without it.

/Users/pataei/Desktop/Projects/Terramycelium/test.tex:782: Missing number, treated as zero.
<to be read again> 
                   }
l.782   \begin{tabularx}{\textwidth}
                                    {|>{\raggedright\arraybackslash}p{5cm}|X|}
A number should have been here; I inserted `0'.
(If you can't figure out why I needed to see a number,
look up `weird error' in the index to The TeXbook.)

/Users/pataei/Desktop/Projects/Terramycelium/test.tex:782: Illegal unit of measure (pt inserted).
<to be read again> 
                   }
l.782   \begin{tabularx}{\textwidth}
                                    {|>{\raggedright\arraybackslash}p{5cm}|X|}
Dimensions can be in units of em, ex, in, pt, pc,
cm, mm, dd, cc, nd, nc, bp, or sp; but yours is a new one!
I'll assume that you meant to say pt, for printer's points.
To recover gracefully from this error, it's best to
delete the erroneous units; e.g., type `2' to delete
two letters. (See Chapter 27 of The TeXbook.)

/Users/pataei/Desktop/Projects/Terramycelium/test.tex:782: Undefined control sequence.
l.782 ...textwidth}{|>{\raggedright\arraybackslash
                                                  }p{5cm}|X|}
The control sequence at the end of the top line
of your error message was never \def'ed. If you have
misspelled it (e.g., `\hobx'), type `I' and the correct
spelling (e.g., `I\hbox'). Otherwise just continue,
and I'll forget about whatever was undefined.

/Users/pataei/Desktop/Projects/Terramycelium/test.tex:783: Misplaced \noalign.
\hline ->\noalign 
                  {\ifnum 0=`}\fi \hrule \@height \arrayrulewidth \futurelet...
l.783   \hline
              
I expect to see \noalign only after the \cr of
an alignment. Proceed, and I'll ignore this case.

/Users/pataei/Desktop/Projects/Terramycelium/test.tex:784: Misplaced alignment tab character &.
l.784   \textbf{Scenario Description:} &
                                         The system's capability is evaluate...
I can't figure out why you would want to use a tab mark
here. If you just want an ampersand, the remedy is
simple: Just type `I\&' now. But if some right brace
up above has ended a previous alignment prematurely,
you're probably due for more error messages, and you
might try typing `S' now just to see what is salvageable.

/Users/pataei/Desktop/Projects/Terramycelium/test.tex:785: Misplaced \noalign.
\hline ->\noalign 
                  {\ifnum 0=`}\fi \hrule \@height \arrayrulewidth \futurelet...
l.785   \hline
              
I expect to see \noalign only after the \cr of
an alignment. Proceed, and I'll ignore this case.


Underfull \hbox (badness 10000) in paragraph at lines 784--785

 []

/Users/pataei/Desktop/Projects/Terramycelium/test.tex:786: Misplaced alignment tab character &.
l.786   \textbf{Relevant Quality Attributes:} &
                                                Confidentiality, Data Integr...
I can't figure out why you would want to use a tab mark
here. If you just want an ampersand, the remedy is
simple: Just type `I\&' now. But if some right brace
up above has ended a previous alignment prematurely,
you're probably due for more error messages, and you
might try typing `S' now just to see what is salvageable.

/Users/pataei/Desktop/Projects/Terramycelium/test.tex:787: Misplaced \noalign.
\hline ->\noalign 
                  {\ifnum 0=`}\fi \hrule \@height \arrayrulewidth \futurelet...
l.787   \hline
              
I expect to see \noalign only after the \cr of
an alignment. Proceed, and I'll ignore this case.


Underfull \hbox (badness 10000) in paragraph at lines 786--787

 []

/Users/pataei/Desktop/Projects/Terramycelium/test.tex:788: Misplaced alignment tab character &.
l.788   \textbf{Expected Outcome:} &
                                     The system guarantees data security, wi...
I can't figure out why you would want to use a tab mark
here. If you just want an ampersand, the remedy is
simple: Just type `I\&' now. But if some right brace
up above has ended a previous alignment prematurely,
you're probably due for more error messages, and you
might try typing `S' now just to see what is salvageable.

/Users/pataei/Desktop/Projects/Terramycelium/test.tex:789: Misplaced \noalign.
\hline ->\noalign 
                  {\ifnum 0=`}\fi \hrule \@height \arrayrulewidth \futurelet...
l.789   \hline
              
I expect to see \noalign only after the \cr of
an alignment. Proceed, and I'll ignore this case.


Underfull \hbox (badness 10000) in paragraph at lines 788--789

 []

/Users/pataei/Desktop/Projects/Terramycelium/test.tex:790: Misplaced alignment tab character &.
l.790 ...ual Outcome, Evaluation, Implications:} &
                                                   To be filled out during t...
I can't figure out why you would want to use a tab mark
here. If you just want an ampersand, the remedy is
simple: Just type `I\&' now. But if some right brace
up above has ended a previous alignment prematurely,
you're probably due for more error messages, and you
might try typing `S' now just to see what is salvageable.

/Users/pataei/Desktop/Projects/Terramycelium/test.tex:791: Misplaced \noalign.
\hline ->\noalign 
                  {\ifnum 0=`}\fi \hrule \@height \arrayrulewidth \futurelet...
l.791   \hline
              
I expect to see \noalign only after the \cr of
an alignment. Proceed, and I'll ignore this case.


Underfull \hbox (badness 10000) in paragraph at lines 790--791

 []


/Users/pataei/Desktop/Projects/Terramycelium/test.tex:792: LaTeX Error: \begin{table} on input line 780 ended by \end{tabularx}.

See the LaTeX manual or LaTeX Companion for explanation.
Type  H <return>  for immediate help.
 ...                                              
                                                  
l.792   \end{tabularx}
                      
Your command was ignored.
Type  I <command> <return>  to replace it with another command,
or  <return>  to continue without it.

[17]

LaTeX Warning: Reference `section:dataQuality' on page 18 undefined on input line 811.


LaTeX Warning: Reference `bitemporality' on page 18 undefined on input line 811.


LaTeX Warning: Reference `dataLichenDashboard' on page 18 undefined on input line 811.


LaTeX Warning: Reference `intraDomain' on page 18 undefined on input line 811.

<images/Datalichen-dashboard.png, id=163, 1077.02374pt x 291.0875pt>
File: images/Datalichen-dashboard.png Graphic file (type png)
<use images/Datalichen-dashboard.png>
Package pdftex.def Info: images/Datalichen-dashboard.png  used on input line 815.
(pdftex.def)             Requested size: 369.88582pt x 99.9678pt.

Overfull \hbox (117.88582pt too wide) in paragraph at lines 815--816
 [][] 
 []

<images/intra-domain-flow.jpg, id=164, 1591.9475pt x 664.4825pt>
File: images/intra-domain-flow.jpg Graphic file (type jpg)
<use images/intra-domain-flow.jpg>
Package pdftex.def Info: images/intra-domain-flow.jpg  used on input line 822.
(pdftex.def)             Requested size: 516.0pt x 215.37631pt.

Overfull \hbox (264.0pt too wide) in paragraph at lines 822--823
 [][] 
 []


LaTeX Warning: Reference `kafkaTopics' on page 18 undefined on input line 829.

<images/kafka-topics.png, id=165, 2543.5025pt x 726.715pt>
File: images/kafka-topics.png Graphic file (type png)
<use images/kafka-topics.png>
Package pdftex.def Info: images/kafka-topics.png  used on input line 833.
(pdftex.def)             Requested size: 516.0pt x 147.42511pt.

Overfull \hbox (264.0pt too wide) in paragraph at lines 833--834
 [][] 
 []


LaTeX Warning: Reference `s1Flow' on page 18 undefined on input line 838.

<images/Scenario-s1.png, id=166, 1116.17pt x 395.4775pt>
File: images/Scenario-s1.png Graphic file (type png)
<use images/Scenario-s1.png>
Package pdftex.def Info: images/Scenario-s1.png  used on input line 842.
(pdftex.def)             Requested size: 516.0pt x 182.83305pt.

Overfull \hbox (264.0pt too wide) in paragraph at lines 842--843
 [][] 
 []

[18 <./images/Datalichen-dashboard.png> <./images/intra-domain-flow.jpg (PNG copy)> <./images/kafka-topics.png> <./images/Scenario-s1.png (PNG copy)>]

LaTeX Warning: Reference `openTelemetryTopic' on page 19 undefined on input line 857.


LaTeX Warning: Reference `openTelemetryFlow' on page 19 undefined on input line 857.

<images/kafka-open-telemetry-topic-screenshot.png, id=177, 2144.01pt x 359.3425pt>
File: images/kafka-open-telemetry-topic-screenshot.png Graphic file (type png)
<use images/kafka-open-telemetry-topic-screenshot.png>
Package pdftex.def Info: images/kafka-open-telemetry-topic-screenshot.png  used on input line 862.
(pdftex.def)             Requested size: 516.0pt x 86.47972pt.

Overfull \hbox (264.0pt too wide) in paragraph at lines 862--863
 [][] 
 []

<images/open-telemetry-flow.png, id=178, 1426.32875pt x 377.41pt>
File: images/open-telemetry-flow.png Graphic file (type png)
<use images/open-telemetry-flow.png>
Package pdftex.def Info: images/open-telemetry-flow.png  used on input line 869.
(pdftex.def)             Requested size: 516.0pt x 136.5355pt.

Overfull \hbox (264.0pt too wide) in paragraph at lines 869--870
 [][] 
 []


LaTeX Warning: Reference `openTelemetryTraceSpan' on page 19 undefined on input line 874.

<images/open-telemetry-trace-example.png, id=179, 700.6175pt x 577.15625pt>
File: images/open-telemetry-trace-example.png Graphic file (type png)
<use images/open-telemetry-trace-example.png>
Package pdftex.def Info: images/open-telemetry-trace-example.png  used on input line 878.
(pdftex.def)             Requested size: 516.0pt x 425.09862pt.

Overfull \hbox (264.0pt too wide) in paragraph at lines 878--879
 [][] 
 []


LaTeX Warning: `!h' float specifier changed to `!ht'.

[19 <./images/kafka-open-telemetry-topic-screenshot.png> <./images/open-telemetry-flow.png (PNG copy)> <./images/open-telemetry-trace-example.png>]

LaTeX Warning: Citation `johnson2019logic' on page 20 undefined on input line 905.


LaTeX Warning: Reference `kafkIngestionInBytesInCustomerDomainAnalyticalService' on page 20 undefined on input line 910.


LaTeX Warning: Reference `totalDataIngestedinBytesInCustomerDomainsAnalyticalService' on page 20 undefined on input line 910.

<images/Kafka-ingestion-in-Bytes.png, id=191, 1734.48pt x 558.085pt>
File: images/Kafka-ingestion-in-Bytes.png Graphic file (type png)
<use images/Kafka-ingestion-in-Bytes.png>
Package pdftex.def Info: images/Kafka-ingestion-in-Bytes.png  used on input line 915.
(pdftex.def)             Requested size: 516.0pt x 166.03021pt.

Overfull \hbox (264.0pt too wide) in paragraph at lines 915--916
 [][] 
 []


LaTeX Warning: `!h' float specifier changed to `!ht'.

<images/total-data-ingested-in-bytes.jpeg, id=192, 1731.46875pt x 610.28pt>
File: images/total-data-ingested-in-bytes.jpeg Graphic file (type jpg)
<use images/total-data-ingested-in-bytes.jpeg>
Package pdftex.def Info: images/total-data-ingested-in-bytes.jpeg  used on input line 922.
(pdftex.def)             Requested size: 516.0pt x 181.86552pt.

Overfull \hbox (264.0pt too wide) in paragraph at lines 922--923
 [][] 
 []


LaTeX Warning: `!h' float specifier changed to `!ht'.


LaTeX Warning: Reference `totalDataIngestedinBytesInWeatherDomainsAnalyticalService' on page 20 undefined on input line 927.

<images/weather-domain-ingested-data-in-bytes.png, id=193, 1670.24pt x 551.05875pt>
File: images/weather-domain-ingested-data-in-bytes.png Graphic file (type png)
<use images/weather-domain-ingested-data-in-bytes.png>
Package pdftex.def Info: images/weather-domain-ingested-data-in-bytes.png  used on input line 931.
(pdftex.def)             Requested size: 516.0pt x 170.24625pt.

Overfull \hbox (264.0pt too wide) in paragraph at lines 931--932
 [][] 
 []


LaTeX Warning: `!h' float specifier changed to `!ht'.


LaTeX Warning: Reference `dataIngestedInCustomerDomainAnalyticalServiceTable' on page 20 undefined on input line 936.


LaTeX Warning: Reference `dataIngestedInWeatherDomainTable' on page 20 undefined on input line 964.

[20 <./images/Kafka-ingestion-in-Bytes.png> <./images/total-data-ingested-in-bytes.jpeg> <./images/weather-domain-ingested-data-in-bytes.png>]

LaTeX Warning: Reference `cusetomerAndWeatherDomainAnalyaticalServicesLatencies' on page 21 undefined on input line 1005.

<images/customer-and-weather-domain-analytics-service-latency.png, id=206, 1725.44624pt x 502.87875pt>
File: images/customer-and-weather-domain-analytics-service-latency.png Graphic file (type png)
<use images/customer-and-weather-domain-analytics-service-latency.png>
Package pdftex.def Info: images/customer-and-weather-domain-analytics-service-latency.png  used on input line 1009.
(pdftex.def)             Requested size: 516.0pt x 150.38136pt.

Overfull \hbox (264.0pt too wide) in paragraph at lines 1009--1010
 [][] 
 []


LaTeX Warning: `!h' float specifier changed to `!ht'.


LaTeX Warning: Reference `openTelemetryServiceCpuUsage' on page 21 undefined on input line 1024.

<images/Open-telemetry-service-CPU-usage.png, id=207, 1280.785pt x 370.38374pt>
File: images/Open-telemetry-service-CPU-usage.png Graphic file (type png)
<use images/Open-telemetry-service-CPU-usage.png>
Package pdftex.def Info: images/Open-telemetry-service-CPU-usage.png  used on input line 1028.
(pdftex.def)             Requested size: 516.0pt x 149.21901pt.

Overfull \hbox (264.0pt too wide) in paragraph at lines 1028--1029
 [][] 
 []


LaTeX Warning: Reference `table:telemetry-cpu-usage' on page 21 undefined on input line 1033.


LaTeX Warning: `!h' float specifier changed to `!ht'.

[21 <./images/customer-and-weather-domain-analytics-service-latency.png> <./images/Open-telemetry-service-CPU-usage.png>]

LaTeX Warning: Reference `kubernetesClusterCpuUsage' on page 22 undefined on input line 1061.

<images/kubernetes-cluster-CPU-usage.png, id=219, 706.64pt x 372.39125pt>
File: images/kubernetes-cluster-CPU-usage.png Graphic file (type png)
<use images/kubernetes-cluster-CPU-usage.png>
Package pdftex.def Info: images/kubernetes-cluster-CPU-usage.png  used on input line 1065.
(pdftex.def)             Requested size: 516.0pt x 271.92857pt.

Overfull \hbox (264.0pt too wide) in paragraph at lines 1065--1066
 [][] 
 []


LaTeX Warning: Reference `kubernetesClusterReadAndWrite' on page 22 undefined on input line 1070.


LaTeX Warning: Reference `kubernetesClusterNetworkStatistics' on page 22 undefined on input line 1070.

<images/Kubernetes-cluster-data-read-write.png, id=220, 695.59875pt x 370.38374pt>
File: images/Kubernetes-cluster-data-read-write.png Graphic file (type png)
<use images/Kubernetes-cluster-data-read-write.png>
Package pdftex.def Info: images/Kubernetes-cluster-data-read-write.png  used on input line 1074.
(pdftex.def)             Requested size: 516.0pt x 274.7635pt.

Overfull \hbox (264.0pt too wide) in paragraph at lines 1074--1075
 [][] 
 []


LaTeX Warning: `!h' float specifier changed to `!ht'.

<images/kubernetes-cluster-network-data-received-and-sent.png, id=221, 696.6025pt x 372.39125pt>
File: images/kubernetes-cluster-network-data-received-and-sent.png Graphic file (type png)
<use images/kubernetes-cluster-network-data-received-and-sent.png>
Package pdftex.def Info: images/kubernetes-cluster-network-data-received-and-sent.png  used on input line 1081.
(pdftex.def)             Requested size: 516.0pt x 275.855pt.

Overfull \hbox (264.0pt too wide) in paragraph at lines 1081--1082
 [][] 
 []


LaTeX Warning: `!h' float specifier changed to `!ht'.

[22 <./images/kubernetes-cluster-CPU-usage.png> <./images/Kubernetes-cluster-data-read-write.png> <./images/kubernetes-cluster-network-data-received-and-sent.png>]

LaTeX Warning: Reference `kubernetesClusterNetworkStatistics' on page 23 undefined on input line 1090.


LaTeX Warning: Reference `kubernetesClusterMemoryUsage' on page 23 undefined on input line 1103.

<images/Memory-usage-for-various-services-in-kube.png, id=233, 1141.26375pt x 387.4475pt>
File: images/Memory-usage-for-various-services-in-kube.png Graphic file (type png)
<use images/Memory-usage-for-various-services-in-kube.png>
Package pdftex.def Info: images/Memory-usage-for-various-services-in-kube.png  used on input line 1108.
(pdftex.def)             Requested size: 516.0pt x 175.17743pt.

Overfull \hbox (264.0pt too wide) in paragraph at lines 1108--1109
 [][] 
 []


LaTeX Warning: Reference `table:memory-cpu-correlation' on page 23 undefined on input line 1113.


Overfull \hbox (102.14241pt too wide) in paragraph at lines 1119--1137
 [][] 
 []


LaTeX Warning: Reference `numberOfErrorsInTelemetryProcessingService' on page 23 undefined on input line 1144.

[23 <./images/Memory-usage-for-various-services-in-kube.png>]
<images/number-of-errors-in-telemetry-processing-service.png, id=243, 1123.19624pt x 382.42876pt>
File: images/number-of-errors-in-telemetry-processing-service.png Graphic file (type png)
<use images/number-of-errors-in-telemetry-processing-service.png>
Package pdftex.def Info: images/number-of-errors-in-telemetry-processing-service.png  used on input line 1150.
(pdftex.def)             Requested size: 516.0pt x 175.68594pt.

Overfull \hbox (264.0pt too wide) in paragraph at lines 1150--1151
 [][] 
 []


LaTeX Warning: Reference `customerDomainStreamingTopicStatistics' on page 24 undefined on input line 1166.

<images/customer-domain-stream-data-topic-statistics.png, id=244, 869.2475pt x 811.03pt>
File: images/customer-domain-stream-data-topic-statistics.png Graphic file (type png)
<use images/customer-domain-stream-data-topic-statistics.png>
Package pdftex.def Info: images/customer-domain-stream-data-topic-statistics.png  used on input line 1171.
(pdftex.def)             Requested size: 516.0pt x 481.46124pt.

Overfull \hbox (264.0pt too wide) in paragraph at lines 1171--1172
 [][] 
 []


LaTeX Warning: Reference `memoryUtilizationInCustomerDomainInHighVelocityCase' on page 24 undefined on input line 1176.


LaTeX Warning: Reference `memoryUtilizationInWeatherDomainInHighVelocityCase' on page 24 undefined on input line 1176.

<images/memory-utilization-in-customer-domain-in-streaming-case.png, id=245, 820.06375pt x 768.8725pt>
File: images/memory-utilization-in-customer-domain-in-streaming-case.png Graphic file (type png)
<use images/memory-utilization-in-customer-domain-in-streaming-case.png>
Package pdftex.def Info: images/memory-utilization-in-customer-domain-in-streaming-case.png  used on input line 1180.
(pdftex.def)             Requested size: 227.62204pt x 213.4057pt.
[24 <./images/number-of-errors-in-telemetry-processing-service.png> <./images/customer-domain-stream-data-topic-statistics.png>]
<images/memory-utilization-in-weather-domain-in-streaming-case.png, id=257, 810.02625pt x 757.83125pt>
File: images/memory-utilization-in-weather-domain-in-streaming-case.png Graphic file (type png)
<use images/memory-utilization-in-weather-domain-in-streaming-case.png>
Package pdftex.def Info: images/memory-utilization-in-weather-domain-in-streaming-case.png  used on input line 1187.
(pdftex.def)             Requested size: 227.62204pt x 212.9545pt.


LaTeX Warning: Reference `cpuUsageInS1' on page 25 undefined on input line 1192.


LaTeX Warning: Reference `kafkaIngestionLatencyInStreamingCase' on page 25 undefined on input line 1194.

<images/kafka-ingestion-latency-sum-streaming-case.png, id=258, 1335.99126pt x 391.4625pt>
File: images/kafka-ingestion-latency-sum-streaming-case.png Graphic file (type png)
<use images/kafka-ingestion-latency-sum-streaming-case.png>
Package pdftex.def Info: images/kafka-ingestion-latency-sum-streaming-case.png  used on input line 1198.
(pdftex.def)             Requested size: 516.0pt x 151.19437pt.

Overfull \hbox (264.0pt too wide) in paragraph at lines 1198--1199
 [][] 
 []


LaTeX Warning: Reference `processingDurationInStreamingCaseInWeatherDomain' on page 25 undefined on input line 1203.

<images/processing-duration-streaming-case-in-weather-domain.png, id=259, 1324.95pt x 393.47pt>
File: images/processing-duration-streaming-case-in-weather-domain.png Graphic file (type png)
<use images/processing-duration-streaming-case-in-weather-domain.png>
Package pdftex.def Info: images/processing-duration-streaming-case-in-weather-domain.png  used on input line 1208.
(pdftex.def)             Requested size: 516.0pt x 153.23653pt.

Overfull \hbox (264.0pt too wide) in paragraph at lines 1208--1209
 [][] 
 []

[25 <./images/memory-utilization-in-customer-domain-in-streaming-case.png> <./images/memory-utilization-in-weather-domain-in-streaming-case.png> <./images/kafka-ingestion-latency-sum-streaming-case.png> <./images/processing-duration-streaming-case-in-weather-domain.png>]

LaTeX Warning: Reference `dataScientistFlowWithAuthentication' on page 26 undefined on input line 1230.

<images/data-scientist-data-lichen-flow-with-authentication.jpg, id=274, 883.3pt x 531.9875pt>
File: images/data-scientist-data-lichen-flow-with-authentication.jpg Graphic file (type jpg)
<use images/data-scientist-data-lichen-flow-with-authentication.jpg>
Package pdftex.def Info: images/data-scientist-data-lichen-flow-with-authentication.jpg  used on input line 1235.
(pdftex.def)             Requested size: 516.0pt x 310.78526pt.

Overfull \hbox (264.0pt too wide) in paragraph at lines 1235--1236
 [][] 
 []


LaTeX Warning: `h' float specifier changed to `ht'.


LaTeX Warning: Reference `dataScientistSecretRetrievalDelayInSeconds' on page 26 undefined on input line 1263.

<images/Secret-Retrieval-Delay-in-Seconds-In-Data-Scientist-Application.png, id=275, 1970.36125pt x 524.96124pt>
File: images/Secret-Retrieval-Delay-in-Seconds-In-Data-Scientist-Application.png Graphic file (type png)
<use images/Secret-Retrieval-Delay-in-Seconds-In-Data-Scientist-Application.png>
Package pdftex.def Info: images/Secret-Retrieval-Delay-in-Seconds-In-Data-Scientist-Application.png  used on input line 1267.
(pdftex.def)             Requested size: 516.0pt x 137.47997pt.

Overfull \hbox (264.0pt too wide) in paragraph at lines 1267--1268
 [][] 
 []


LaTeX Warning: `h' float specifier changed to `ht'.


LaTeX Warning: Reference `cpuUtilizationInDataScientistApplication' on page 26 undefined on input line 1273.

<images/CPU-utilization-data-scientist-application.png, id=276, 1972.36874pt x 541.02126pt>
File: images/CPU-utilization-data-scientist-application.png Graphic file (type png)
<use images/CPU-utilization-data-scientist-application.png>
Package pdftex.def Info: images/CPU-utilization-data-scientist-application.png  used on input line 1277.
(pdftex.def)             Requested size: 516.0pt x 141.53726pt.

Overfull \hbox (264.0pt too wide) in paragraph at lines 1277--1278
 [][] 
 []


LaTeX Warning: `h' float specifier changed to `ht'.


LaTeX Warning: Reference `memoryUtilizationInDataScientistApplication' on page 26 undefined on input line 1283.

<images/memory-utilization-in-data-scientist-application.png, id=277, 1985.4175pt x 547.04375pt>
File: images/memory-utilization-in-data-scientist-application.png Graphic file (type png)
<use images/memory-utilization-in-data-scientist-application.png>
Package pdftex.def Info: images/memory-utilization-in-data-scientist-application.png  used on input line 1288.
(pdftex.def)             Requested size: 516.0pt x 142.16959pt.

Overfull \hbox (264.0pt too wide) in paragraph at lines 1288--1289
 [][] 
 []


LaTeX Warning: `h' float specifier changed to `ht'.


LaTeX Warning: Reference `queryProcessingDurationInDataScienceApplication' on page 26 undefined on input line 1294.

[26 <./images/data-scientist-data-lichen-flow-with-authentication.jpg (PNG copy)>]
<images/query-processing-duration-in-data-science-application.png, id=292, 1964.33875pt x 538.01pt>
File: images/query-processing-duration-in-data-science-application.png Graphic file (type png)
<use images/query-processing-duration-in-data-science-application.png>
Package pdftex.def Info: images/query-processing-duration-in-data-science-application.png  used on input line 1299.
(pdftex.def)             Requested size: 516.0pt x 141.32414pt.

Overfull \hbox (264.0pt too wide) in paragraph at lines 1299--1300
 [][] 
 []


LaTeX Warning: `h' float specifier changed to `ht'.


Underfull \hbox (badness 3354) in paragraph at lines 1317--1319
[]\OT1/ptm/m/n/10 During the de-vel-op-ment pro-cess, Prometheus and
 []

[27 <./images/Secret-Retrieval-Delay-in-Seconds-In-Data-Scientist-Application.png> <./images/CPU-utilization-data-scientist-application.png> <./images/memory-utilization-in-data-scientist-application.png> <./images/query-processing-duration-in-data-science-application.png>] [28]
Underfull \hbox (badness 10000) in paragraph at lines 1367--1368
[]\OT1/ptm/b/n/10 Veracity\OT1/ptm/m/n/10 : The domain-specific char-ac-ter of
 []


Underfull \hbox (badness 10000) in paragraph at lines 1367--1368
\OT1/ptm/m/n/10 Metamycelium nat-u-rally sup-ports the ful-fil-ment
 []


Underfull \hbox (badness 10000) in paragraph at lines 1367--1368
\OT1/ptm/m/n/10 of re-quire-ments \OT1/ptm/b/n/10 Ver-1 \OT1/ptm/m/n/10 and \OT1/ptm/b/n/10 Ver-2\OT1/ptm/m/n/10 , em-pha-sis-ing
 []


Underfull \hbox (badness 1874) in paragraph at lines 1367--1368
\OT1/ptm/m/n/10 the sig-nif-i-cance of en-sur-ing high-quality data and
 []


LaTeX Warning: Citation `rad2017big' on page 29 undefined on input line 1391.

[29] (./test.bbl) [30] (./test.aux)

LaTeX Warning: There were undefined references.


LaTeX Warning: Label(s) may have changed. Rerun to get cross-references right.


Package rerunfilecheck Warning: File `test.out' has changed.
(rerunfilecheck)                Rerun to get outlines right
(rerunfilecheck)                or use package `bookmark'.

Package rerunfilecheck Info: Checksums for `test.out':
(rerunfilecheck)             Before: <no file>
(rerunfilecheck)             After:  38A86AB3D567E40FEC2E886689B63442;10642.
 ) 
Here is how much of TeX's memory you used:
 11740 strings out of 476025
 197281 string characters out of 5779036
 1877388 words of memory out of 5000000
 31827 multiletter control sequences out of 15000+600000
 552576 words of font info for 106 fonts, out of 8000000 for 9000
 1141 hyphenation exceptions out of 8191
 75i,9n,76p,1795b,549s stack positions out of 10000i,1000n,20000p,200000b,200000s
</opt/homebrew/Cellar/texlive/20230313_2/share/texmf-dist/fonts/type1/public/amsfonts/cm/cmex10.pfb></opt/homebrew/Cellar/texlive/20230313_2/share/texmf-dist/fonts/type1/public/amsfonts/cm/cmmi10.pfb></opt/homebrew/Cellar/texlive/20230313_2/share/texmf-dist/fonts/type1/public/amsfonts/cm/cmmi7.pfb></opt/homebrew/Cellar/texlive/20230313_2/share/texmf-dist/fonts/type1/public/amsfonts/cm/cmr10.pfb></opt/homebrew/Cellar/texlive/20230313_2/share/texmf-dist/fonts/type1/public/amsfonts/cm/cmr7.pfb></opt/homebrew/Cellar/texlive/20230313_2/share/texmf-dist/fonts/type1/public/amsfonts/cm/cmsy10.pfb></opt/homebrew/Cellar/texlive/20230313_2/share/texmf-dist/fonts/type1/public/amsfonts/cm/cmsy7.pfb></opt/homebrew/Cellar/texlive/20230313_2/share/texmf-dist/fonts/type1/public/amsfonts/symbols/msam10.pfb></opt/homebrew/Cellar/texlive/20230313_2/share/texmf-dist/fonts/type1/urw/times/utmb8a.pfb></opt/homebrew/Cellar/texlive/20230313_2/share/texmf-dist/fonts/type1/urw/times/utmbi8a.pfb></opt/homebrew/Cellar/texlive/20230313_2/share/texmf-dist/fonts/type1/urw/times/utmr8a.pfb></opt/homebrew/Cellar/texlive/20230313_2/share/texmf-dist/fonts/type1/urw/times/utmri8a.pfb>
Output written on test.pdf (30 pages, 3342709 bytes).
PDF statistics:
 440 PDF objects out of 1000 (max. 8388607)
 321 compressed objects within 4 object streams
 178 named destinations out of 1000 (max. 500000)
 171 words of extra memory for PDF output out of 10000 (max. 10000000)

